Component: ARM Compiler 5.05 update 1 (build 106) Tool: armlink [4d0efa]

==============================================================================

Section Cross References

    main.o(i.main) refers to delay.o(i.delay_init) for delay_init
    main.o(i.main) refers to key.o(i.KEY_Init) for KEY_Init
    main.o(i.main) refers to led.o(i.LED_Init) for LED_Init
    main.o(i.main) refers to beep.o(i.BEEP_Init) for BEEP_Init
    main.o(i.main) refers to jdq.o(i.relay_init) for relay_init
    main.o(i.main) refers to misc.o(i.NVIC_PriorityGroupConfig) for NVIC_PriorityGroupConfig
    main.o(i.main) refers to lcd.o(i.LCD_Init) for LCD_Init
    main.o(i.main) refers to rtc.o(i.RTC_Init) for RTC_Init
    main.o(i.main) refers to timer.o(i.TIM3_PWM_Init) for TIM3_PWM_Init
    main.o(i.main) refers to stm32f10x_tim.o(i.TIM_SetCompare1) for TIM_SetCompare1
    main.o(i.main) refers to stm32f10x_tim.o(i.TIM_SetCompare2) for TIM_SetCompare2
    main.o(i.main) refers to stm32f10x_tim.o(i.TIM_SetCompare3) for TIM_SetCompare3
    main.o(i.main) refers to stm32f10x_tim.o(i.TIM_SetCompare4) for TIM_SetCompare4
    main.o(i.main) refers to timer.o(i.TIM2_Int_Init) for TIM2_Int_Init
    main.o(i.main) refers to usart.o(i.Usart1_Init) for Usart1_Init
    main.o(i.main) refers to rtc.o(i.RTC_Set) for RTC_Set
    main.o(i.main) refers to adc.o(i.ADC_Pin_Init) for ADC_Pin_Init
    main.o(i.main) refers to usart.o(i.UsartPrintf) for UsartPrintf
    main.o(i.main) refers to usart.o(i.Uart4_Init) for Uart4_Init
    main.o(i.main) refers to usart.o(i.Usart2_Init) for Usart2_Init
    main.o(i.main) refers to usart.o(i.usart3_init) for usart3_init
    main.o(i.main) refers to bsp_tcrt5000.o(i.TRC5000_Init) for TRC5000_Init
    main.o(i.main) refers to driver.o(i.driver_Init) for driver_Init
    main.o(i.main) refers to esp8266.o(i.ESP8266_Init) for ESP8266_Init
    main.o(i.main) refers to delay.o(i.delay_ms) for delay_ms
    main.o(i.main) refers to onenet.o(i.OneNet_DevLink) for OneNet_DevLink
    main.o(i.main) refers to onenet.o(i.OneNet_Subscribe) for OneNet_Subscribe
    main.o(i.main) refers to rtc.o(i.hello) for hello
    main.o(i.main) refers to adc.o(i.Adc_ppm) for Adc_ppm
    main.o(i.main) refers to main.o(i.showPPM) for showPPM
    main.o(i.main) refers to cfrcmple.o(.text) for __aeabi_cfrcmple
    main.o(i.main) refers to rtc.o(i.show_nowtime) for show_nowtime
    main.o(i.main) refers to bsp_tcrt5000.o(i.trc5000D01) for trc5000D01
    main.o(i.main) refers to bsp_tcrt5000.o(i.trc5000D02) for trc5000D02
    main.o(i.main) refers to bsp_tcrt5000.o(i.trc5000D03) for trc5000D03
    main.o(i.main) refers to bsp_tcrt5000.o(i.trc5000D04) for trc5000D04
    main.o(i.main) refers to driver.o(i.sensors) for sensors
    main.o(i.main) refers to f2d.o(.text) for __aeabi_f2d
    main.o(i.main) refers to printfa.o(i.__0sprintf) for __2sprintf
    main.o(i.main) refers to onenet.o(i.OneNet_Publish) for OneNet_Publish
    main.o(i.main) refers to esp8266.o(i.ESP8266_Clear) for ESP8266_Clear
    main.o(i.main) refers to esp8266.o(i.ESP8266_GetIPD) for ESP8266_GetIPD
    main.o(i.main) refers to onenet.o(i.OneNet_RevPro) for OneNet_RevPro
    main.o(i.main) refers to beep.o(i.BEEP_onoff) for BEEP_onoff
    main.o(i.main) refers to jdq.o(i.relay_onoff) for relay_onoff
    main.o(i.main) refers to key.o(i.KEY_Scan) for KEY_Scan
    main.o(i.main) refers to driver.o(i.open) for open
    main.o(i.main) refers to driver.o(i.close) for close
    main.o(i.main) refers to rtc.o(i.slecttime) for slecttime
    main.o(i.main) refers to rtc.o(i.alltime) for alltime
    main.o(i.main) refers to driver.o(i.opendj) for opendj
    main.o(i.main) refers to rtc.o(i.openall) for openall
    main.o(i.main) refers to driver.o(i.closedj) for closedj
    main.o(i.main) refers to rtc.o(i.closeall) for closeall
    main.o(i.main) refers to usart.o(i.getResultTemp) for getResultTemp
    main.o(i.main) refers to jdq.o(i.relay_on) for relay_on
    main.o(i.main) refers to jdq.o(i.relay_off) for relay_off
    main.o(i.main) refers to main.o(.data) for devSubTopic
    main.o(i.main) refers to lcd.o(.data) for POINT_COLOR
    main.o(i.main) refers to main.o(.conststring) for .conststring
    main.o(i.main) refers to main.o(.bss) for PUB_BUF
    main.o(i.main) refers to main.o(.constdata) for devPubTopic
    main.o(i.main) refers to onenet.o(.data) for alarm
    main.o(i.main) refers to rtc.o(.bss) for calendar
    main.o(i.main) refers to usart.o(.data) for USART4_RX_STA
    main.o(i.showPPM) refers to fmul.o(.text) for __aeabi_fmul
    main.o(i.showPPM) refers to ffixi.o(.text) for __aeabi_f2iz
    main.o(i.showPPM) refers to gui.o(i.LCD_ShowString) for LCD_ShowString
    main.o(i.showPPM) refers to gui.o(i.LCD_ShowNum) for LCD_ShowNum
    main.o(i.showPPM) refers to f2d.o(.text) for __aeabi_f2d
    main.o(i.showPPM) refers to usart.o(i.UsartPrintf) for UsartPrintf
[...]
    parse_array                              0x08006685   Thumb Code   166  cjson.o(i.parse_array)
    i.parse_hex4                             0x08006730   Section        0  cjson.o(i.parse_hex4)
    parse_hex4                               0x08006731   Thumb Code   276  cjson.o(i.parse_hex4)
    i.parse_number                           0x08006844   Section        0  cjson.o(i.parse_number)
    parse_number                             0x08006845   Thumb Code   432  cjson.o(i.parse_number)
    i.parse_object                           0x08006a00   Section        0  cjson.o(i.parse_object)
    parse_object                             0x08006a01   Thumb Code   270  cjson.o(i.parse_object)
    i.parse_string                           0x08006b14   Section        0  cjson.o(i.parse_string)
    parse_string                             0x08006b15   Thumb Code   448  cjson.o(i.parse_string)
    i.parse_value                            0x08006ce0   Section        0  cjson.o(i.parse_value)
    parse_value                              0x08006ce1   Thumb Code   158  cjson.o(i.parse_value)
    i.pow                                    0x08006d9c   Section        0  pow.o(i.pow)
    i.relay_init                             0x08007754   Section        0  jdq.o(i.relay_init)
    i.relay_off                              0x08007780   Section        0  jdq.o(i.relay_off)
    i.relay_on                               0x08007790   Section        0  jdq.o(i.relay_on)
    i.relay_onoff                            0x080077a0   Section        0  jdq.o(i.relay_onoff)
    i.sensors                                0x080077bc   Section        0  driver.o(i.sensors)
    i.showPPM                                0x080077d0   Section        0  main.o(i.showPPM)
    i.show_nowtime                           0x080078bc   Section        0  rtc.o(i.show_nowtime)
    i.skip                                   0x080079ac   Section        0  cjson.o(i.skip)
    skip                                     0x080079ad   Thumb Code    18  cjson.o(i.skip)
    i.slecttime                              0x080079c0   Section        0  rtc.o(i.slecttime)
    i.sqrt                                   0x08007a84   Section        0  sqrt.o(i.sqrt)
    i.trc5000D01                             0x08007ad0   Section        0  bsp_tcrt5000.o(i.trc5000D01)
    i.trc5000D02                             0x08007aec   Section        0  bsp_tcrt5000.o(i.trc5000D02)
    i.trc5000D03                             0x08007b08   Section        0  bsp_tcrt5000.o(i.trc5000D03)
    i.trc5000D04                             0x08007b24   Section        0  bsp_tcrt5000.o(i.trc5000D04)
    i.usart3_init                            0x08007b40   Section        0  usart.o(i.usart3_init)
    .constdata                               0x08007bfc   Section       14  main.o(.constdata)
    .constdata                               0x08007c0a   Section     5432  gui.o(.constdata)
    .constdata                               0x08009144   Section    16944  test.o(.constdata)
    .constdata                               0x0800d374   Section       24  rtc.o(.constdata)
    .constdata                               0x0800d38c   Section        7  cjson.o(.constdata)
    firstByteMark                            0x0800d38c   Data           7  cjson.o(.constdata)
    .constdata                               0x0800d398   Section      136  pow.o(.constdata)
    bp                                       0x0800d398   Data          16  pow.o(.constdata)
    dp_h                                     0x0800d3a8   Data          16  pow.o(.constdata)
    dp_l                                     0x0800d3b8   Data          16  pow.o(.constdata)
    L                                        0x0800d3c8   Data          48  pow.o(.constdata)
    P                                        0x0800d3f8   Data          40  pow.o(.constdata)
    .constdata                               0x0800d420   Section        8  qnan.o(.constdata)
    .constdata                               0x0800d428   Section      129  ctype_o.o(.constdata)
    .constdata                               0x0800d4ac   Section        4  ctype_o.o(.constdata)
    table                                    0x0800d4ac   Data           4  ctype_o.o(.constdata)
    .conststring                             0x0800d4b0   Section       84  main.o(.conststring)
    .conststring                             0x0800d504   Section       55  test.o(.conststring)
    .data                                    0x20000000   Section       16  main.o(.data)
    .data                                    0x20000010   Section       20  system_stm32f10x.o(.data)
    .data                                    0x20000024   Section        4  delay.o(.data)
    fac_us                                   0x20000024   Data           1  delay.o(.data)
    fac_ms                                   0x20000026   Data           2  delay.o(.data)
    .data                                    0x20000028   Section       15  usart.o(.data)
    cnt1                                     0x20000032   Data           1  usart.o(.data)
    cnt2                                     0x20000033   Data           1  usart.o(.data)
    cnt3                                     0x20000034   Data           1  usart.o(.data)
    cnt4                                     0x20000035   Data           1  usart.o(.data)
    i                                        0x20000036   Data           1  usart.o(.data)
    .data                                    0x20000037   Section       20  stm32f10x_rcc.o(.data)
    APBAHBPrescTable                         0x20000037   Data          16  stm32f10x_rcc.o(.data)
    ADCPrescTable                            0x20000047   Data           4  stm32f10x_rcc.o(.data)
    .data                                    0x2000004c   Section       20  adc.o(.data)
    .data                                    0x20000060   Section        6  lcd.o(.data)
    .data                                    0x20000066   Section        2  rtc.o(.data)
    daycnt                                   0x20000066   Data           2  rtc.o(.data)
    .data                                    0x20000068   Section        1  key.o(.data)
    key_up                                   0x20000068   Data           1  key.o(.data)
    .data                                    0x2000006c   Section       12  cjson.o(.data)
    ep                                       0x2000006c   Data           4  cjson.o(.data)
    cJSON_malloc                             0x20000070   Data           4  cjson.o(.data)
    cJSON_free                               0x20000074   Data           4  cjson.o(.data)
    .data                                    0x20000078   Section        4  esp8266.o(.data)
    .data                                    0x2000007c   Section       10  onenet.o(.data)
    pkt_id                                   0x20000084   Data           2  onenet.o(.data)
    .data                                    0x20000088   Section        4  mvars.o(.data)
    .data                                    0x2000008c   Section        4  mvars.o(.data)
    .data                                    0x20000090   Section        4  errno.o(.data)
    _errno                                   0x20000090   Data           4  errno.o(.data)
    .bss                                     0x20000094   Section      356  main.o(.bss)
    .bss                                     0x200001f8   Section      400  usart.o(.bss)
    .bss                                     0x20000388   Section       14  lcd.o(.bss)
    .bss                                     0x20000396   Section       10  rtc.o(.bss)
    .bss                                     0x200003a0   Section      128  esp8266.o(.bss)
    HEAP                                     0x20000420   Section      512  startup_stm32f10x_hd.o(HEAP)
    STACK                                    0x20000620   Section     1024  startup_stm32f10x_hd.o(STACK)

    Global Symbols

    Symbol Name                              Value     Ov Type        Size  Object(Section)

    BuildAttributes$$THM_ISAv4$P$D$K$B$S$PE$A:L22UL41UL21$X:L11$S22US41US21$IEEE1$IW$USESV6$~STKCKD$USESV7$~SHL$OTIME$ROPI$IEEEX$EBA8$MICROLIB$REQ8$PRES8$EABIv2 0x00000000   Number         0  anon$$obj.o ABSOLUTE
    __ARM_use_no_argv                        0x00000000   Number         0  main.o ABSOLUTE
    _printf_a                                0x00000000   Number         0  stubs.o ABSOLUTE
    _printf_c                                0x00000000   Number         0  stubs.o ABSOLUTE
    _printf_charcount                        0x00000000   Number         0  stubs.o ABSOLUTE
    _printf_d                                0x00000000   Number         0  stubs.o ABSOLUTE
    _printf_e                                0x00000000   Number         0  stubs.o ABSOLUTE
    _printf_f                                0x00000000   Number         0  stubs.o ABSOLUTE
    _printf_flags                            0x00000000   Number         0  stubs.o ABSOLUTE
    _printf_fp_dec                           0x00000000   Number         0  stubs.o ABSOLUTE
    _printf_fp_hex                           0x00000000   Number         0  stubs.o ABSOLUTE
    _printf_g                                0x00000000   Number         0  stubs.o ABSOLUTE
    _printf_i                                0x00000000   Number         0  stubs.o ABSOLUTE
    _printf_int_dec                          0x00000000   Number         0  stubs.o ABSOLUTE
    _printf_l                                0x00000000   Number         0  stubs.o ABSOLUTE
    _printf_lc                               0x00000000   Number         0  stubs.o ABSOLUTE
    _printf_ll                               0x00000000   Number         0  stubs.o ABSOLUTE
    _printf_lld                              0x00000000   Number         0  stubs.o ABSOLUTE
    _printf_lli                              0x00000000   Number         0  stubs.o ABSOLUTE
    _printf_llo                              0x00000000   Number         0  stubs.o ABSOLUTE
    _printf_llu                              0x00000000   Number         0  stubs.o ABSOLUTE
    _printf_llx                              0x00000000   Number         0  stubs.o ABSOLUTE
    _printf_longlong_dec                     0x00000000   Number         0  stubs.o ABSOLUTE
    _printf_longlong_hex                     0x00000000   Number         0  stubs.o ABSOLUTE
    _printf_longlong_oct                     0x00000000   Number         0  stubs.o ABSOLUTE
    _printf_ls                               0x00000000   Number         0  stubs.o ABSOLUTE
    _printf_mbtowc                           0x00000000   Number         0  stubs.o ABSOLUTE
    _printf_n                                0x00000000   Number         0  stubs.o ABSOLUTE
    _printf_o                                0x00000000   Number         0  stubs.o ABSOLUTE
    _printf_p                                0x00000000   Number         0  stubs.o ABSOLUTE
    _printf_percent                          0x00000000   Number         0  stubs.o ABSOLUTE
    _printf_pre_padding                      0x00000000   Number         0  stubs.o ABSOLUTE
    _printf_return_value                     0x00000000   Number         0  stubs.o ABSOLUTE
    _printf_s                                0x00000000   Number         0  stubs.o ABSOLUTE
    _printf_sizespec                         0x00000000   Number         0  stubs.o ABSOLUTE
    _printf_str                              0x00000000   Number         0  stubs.o ABSOLUTE
    _printf_truncate_signed                  0x00000000   Number         0  stubs.o ABSOLUTE
    _printf_truncate_unsigned                0x00000000   Number         0  stubs.o ABSOLUTE
    _printf_u                                0x00000000   Number         0  stubs.o ABSOLUTE
    _printf_wc                               0x00000000   Number         0  stubs.o ABSOLUTE
    _printf_wctomb                           0x00000000   Number         0  stubs.o ABSOLUTE
    _printf_widthprec                        0x00000000   Number         0  stubs.o ABSOLUTE
    _printf_x                                0x00000000   Number         0  stubs.o ABSOLUTE
    __cpp_initialize__aeabi_                  - Undefined Weak Reference
    __cxa_finalize                            - Undefined Weak Reference
    __decompress                              - Undefined Weak Reference
    _clock_init                               - Undefined Weak Reference
    _microlib_exit                            - Undefined Weak Reference
    __Vectors_Size                           0x00000130   Number         0  startup_stm32f10x_hd.o ABSOLUTE
    __Vectors                                0x08000000   Data           4  startup_stm32f10x_hd.o(RESET)
    __Vectors_End                            0x08000130   Data           0  startup_stm32f10x_hd.o(RESET)
    __main                                   0x08000131   Thumb Code     0  entry.o(.ARM.Collect$$$$00000000)
    _main_stk                                0x08000131   Thumb Code     0  entry2.o(.ARM.Collect$$$$00000001)
    _main_scatterload                        0x08000135   Thumb Code     0  entry5.o(.ARM.Collect$$$$00000004)
    __main_after_scatterload                 0x08000139   Thumb Code     0  entry5.o(.ARM.Collect$$$$00000004)
    _main_clock                              0x08000139   Thumb Code     0  entry7b.o(.ARM.Collect$$$$00000008)
    _main_cpp_init                           0x08000139   Thumb Code     0  entry8b.o(.ARM.Collect$$$$0000000A)
    _main_init                               0x08000139   Thumb Code     0  entry9a.o(.ARM.Collect$$$$0000000B)
    __rt_final_cpp                           0x08000141   Thumb Code     0  entry10a.o(.ARM.Collect$$$$0000000D)
    __rt_final_exit                          0x08000141   Thumb Code     0  entry11a.o(.ARM.Collect$$$$0000000F)
    Reset_Handler                            0x08000145   Thumb Code     8  startup_stm32f10x_hd.o(.text)
    ADC1_2_IRQHandler                        0x0800015f   Thumb Code     0  startup_stm32f10x_hd.o(.text)
    ADC3_IRQHandler                          0x0800015f   Thumb Code     0  startup_stm32f10x_hd.o(.text)
    CAN1_RX1_IRQHandler                      0x0800015f   Thumb Code     0  startup_stm32f10x_hd.o(.text)
    CAN1_SCE_IRQHandler                      0x0800015f   Thumb Code     0  startup_stm32f10x_hd.o(.text)
    DMA1_Channel1_IRQHandler                 0x0800015f   Thumb Code     0  startup_stm32f10x_hd.o(.text)
    DMA1_Channel2_IRQHandler                 0x0800015f   Thumb Code     0  startup_stm32f10x_hd.o(.text)
    DMA1_Channel3_IRQHandler                 0x0800015f   Thumb Code     0  startup_stm32f10x_hd.o(.text)
    DMA1_Channel4_IRQHandler                 0x0800015f   Thumb Code     0  startup_stm32f10x_hd.o(.text)
    DMA1_Channel5_IRQHandler                 0x0800015f   Thumb Code     0  startup_stm32f10x_hd.o(.text)
    DMA1_Channel6_IRQHandler                 0x0800015f   Thumb Code     0  startup_stm32f10x_hd.o(.text)
    DMA1_Channel7_IRQHandler                 0x0800015f   Thumb Code     0  startup_stm32f10x_hd.o(.text)
    DMA2_Channel1_IRQHandler                 0x0800015f   Thumb Code     0  startup_stm32f10x_hd.o(.text)
    DMA2_Channel2_IRQHandler                 0x0800015f   Thumb Code     0  startup_stm32f10x_hd.o(.text)
    DMA2_Channel3_IRQHandler                 0x0800015f   Thumb Code     0  startup_stm32f10x_hd.o(.text)
    DMA2_Channel4_5_IRQHandler               0x0800015f   Thumb Code     0  startup_stm32f10x_hd.o(.text)
    EXTI0_IRQHandler                         0x0800015f   Thumb Code     0  startup_stm32f10x_hd.o(.text)
    EXTI15_10_IRQHandler                     0x0800015f   Thumb Code     0  startup_stm32f10x_hd.o(.text)
    EXTI1_IRQHandler                         0x0800015f   Thumb Code     0  startup_stm32f10x_hd.o(.text)
    EXTI2_IRQHandler                         0x0800015f   Thumb Code     0  startup_stm32f10x_hd.o(.text)
    EXTI3_IRQHandler                         0x0800015f   Thumb Code     0  startup_stm32f10x_hd.o(.text)
    EXTI4_IRQHandler                         0x0800015f   Thumb Code     0  startup_stm32f10x_hd.o(.text)
    EXTI9_5_IRQHandler                       0x0800015f   Thumb Code     0  startup_stm32f10x_hd.o(.text)
    FLASH_IRQHandler                         0x0800015f   Thumb Code     0  startup_stm32f10x_hd.o(.text)
    FSMC_IRQHandler                          0x0800015f   Thumb Code     0  startup_stm32f10x_hd.o(.text)
    I2C1_ER_IRQHandler                       0x0800015f   Thumb Code     0  startup_stm32f10x_hd.o(.text)
    I2C1_EV_IRQHandler                       0x0800015f   Thumb Code     0  startup_stm32f10x_hd.o(.text)
    I2C2_ER_IRQHandler                       0x0800015f   Thumb Code     0  startup_stm32f10x_hd.o(.text)
    I2C2_EV_IRQHandler                       0x0800015f   Thumb Code     0  startup_stm32f10x_hd.o(.text)
    PVD_IRQHandler                           0x0800015f   Thumb Code     0  startup_stm32f10x_hd.o(.text)
    RCC_IRQHandler                           0x0800015f   Thumb Code     0  startup_stm32f10x_hd.o(.text)
    RTCAlarm_IRQHandler                      0x0800015f   Thumb Code     0  startup_stm32f10x_hd.o(.text)
    SDIO_IRQHandler                          0x0800015f   Thumb Code     0  startup_stm32f10x_hd.o(.text)
    SPI1_IRQHandler                          0x0800015f   Thumb Code     0  startup_stm32f10x_hd.o(.text)
    SPI2_IRQHandler                          0x0800015f   Thumb Code     0  startup_stm32f10x_hd.o(.text)
    SPI3_IRQHandler                          0x0800015f   Thumb Code     0  startup_stm32f10x_hd.o(.text)
    TAMPER_IRQHandler                        0x0800015f   Thumb Code     0  startup_stm32f10x_hd.o(.text)
    TIM1_BRK_IRQHandler                      0x0800015f   Thumb Code     0  startup_stm32f10x_hd.o(.text)
    TIM1_CC_IRQHandler                       0x0800015f   Thumb Code     0  startup_stm32f10x_hd.o(.text)
    TIM1_TRG_COM_IRQHandler                  0x0800015f   Thumb Code     0  startup_stm32f10x_hd.o(.text)
    TIM1_UP_IRQHandler                       0x0800015f   Thumb Code     0  startup_stm32f10x_hd.o(.text)
    TIM4_IRQHandler                          0x0800015f   Thumb Code     0  startup_stm32f10x_hd.o(.text)
    TIM5_IRQHandler                          0x0800015f   Thumb Code     0  startup_stm32f10x_hd.o(.text)
    TIM6_IRQHandler                          0x0800015f   Thumb Code     0  startup_stm32f10x_hd.o(.text)
    TIM7_IRQHandler                          0x0800015f   Thumb Code     0  startup_stm32f10x_hd.o(.text)
    TIM8_BRK_IRQHandler                      0x0800015f   Thumb Code     0  startup_stm32f10x_hd.o(.text)
    TIM8_CC_IRQHandler                       0x0800015f   Thumb Code     0  startup_stm32f10x_hd.o(.text)
    TIM8_TRG_COM_IRQHandler                  0x0800015f   Thumb Code     0  startup_stm32f10x_hd.o(.text)
    TIM8_UP_IRQHandler                       0x0800015f   Thumb Code     0  startup_stm32f10x_hd.o(.text)
    UART5_IRQHandler                         0x0800015f   Thumb Code     0  startup_stm32f10x_hd.o(.text)
    USBWakeUp_IRQHandler                     0x0800015f   Thumb Code     0  startup_stm32f10x_hd.o(.text)
    USB_HP_CAN1_TX_IRQHandler                0x0800015f   Thumb Code     0  startup_stm32f10x_hd.o(.text)
    USB_LP_CAN1_RX0_IRQHandler               0x0800015f   Thumb Code     0  startup_stm32f10x_hd.o(.text)
    WWDG_IRQHandler                          0x0800015f   Thumb Code     0  startup_stm32f10x_hd.o(.text)
    tolower                                  0x08000169   Thumb Code    12  tolower.o(.text)
    __aeabi_memcpy                           0x08000175   Thumb Code    36  memcpya.o(.text)
    __aeabi_memcpy4                          0x08000175   Thumb Code     0  memcpya.o(.text)
    __aeabi_memcpy8                          0x08000175   Thumb Code     0  memcpya.o(.text)
    __aeabi_memset                           0x08000199   Thumb Code    14  memseta.o(.text)
    __aeabi_memset4                          0x08000199   Thumb Code     0  memseta.o(.text)
    __aeabi_memset8                          0x08000199   Thumb Code     0  memseta.o(.text)
    __aeabi_memclr                           0x080001a7   Thumb Code     4  memseta.o(.text)
    __aeabi_memclr4                          0x080001a7   Thumb Code     0  memseta.o(.text)
    __aeabi_memclr8                          0x080001a7   Thumb Code     0  memseta.o(.text)
    _memset$wrapper                          0x080001ab   Thumb Code    18  memseta.o(.text)
    strstr                                   0x080001bd   Thumb Code    36  strstr.o(.text)
    strchr                                   0x080001e1   Thumb Code    20  strchr.o(.text)
    strlen                                   0x080001f5   Thumb Code    14  strlen.o(.text)
    strncat                                  0x08000203   Thumb Code    40  strncat.o(.text)
    strncmp                                  0x0800022b   Thumb Code    30  strncmp.o(.text)
    atoi                                     0x08000249   Thumb Code    26  atoi.o(.text)
    __aeabi_fadd                             0x08000263   Thumb Code   164  fadd.o(.text)
    __aeabi_fsub                             0x08000307   Thumb Code     6  fadd.o(.text)
    __aeabi_frsub                            0x0800030d   Thumb Code     6  fadd.o(.text)
    __aeabi_fmul                             0x08000313   Thumb Code   100  fmul.o(.text)
    __aeabi_fdiv                             0x08000377   Thumb Code   124  fdiv.o(.text)
    __aeabi_dadd                             0x080003f3   Thumb Code   322  dadd.o(.text)
    __aeabi_dsub                             0x08000535   Thumb Code     6  dadd.o(.text)
    __aeabi_drsub                            0x0800053b   Thumb Code     6  dadd.o(.text)
    __aeabi_dmul                             0x08000541   Thumb Code   228  dmul.o(.text)
    __aeabi_ddiv                             0x08000625   Thumb Code   222  ddiv.o(.text)
    __aeabi_ui2f                             0x08000703   Thumb Code    10  ffltui.o(.text)
    __aeabi_i2d                              0x0800070d   Thumb Code    34  dflti.o(.text)
    __aeabi_f2iz                             0x0800072f   Thumb Code    50  ffixi.o(.text)
    __aeabi_d2iz                             0x08000761   Thumb Code    62  dfixi.o(.text)
    __aeabi_f2d                              0x0800079f   Thumb Code    38  f2d.o(.text)
    __aeabi_cdrcmple                         0x080007c5   Thumb Code    48  cdrcmple.o(.text)
    __aeabi_d2f                              0x080007f5   Thumb Code    56  d2f.o(.text)
    __aeabi_cfrcmple                         0x0800082d   Thumb Code    20  cfrcmple.o(.text)
    __aeabi_uidiv                            0x08000841   Thumb Code     0  uidiv.o(.text)
    __aeabi_uidivmod                         0x08000841   Thumb Code    44  uidiv.o(.text)
    __aeabi_uldivmod                         0x0800086d   Thumb Code    98  uldiv.o(.text)
    __aeabi_llsl                             0x080008cf   Thumb Code    30  llshl.o(.text)
    _ll_shift_l                              0x080008cf   Thumb Code     0  llshl.o(.text)
    __aeabi_llsr                             0x080008ed   Thumb Code    32  llushr.o(.text)
    _ll_ushift_r                             0x080008ed   Thumb Code     0  llushr.o(.text)
    __aeabi_lasr                             0x0800090d   Thumb Code    36  llsshr.o(.text)
    _ll_sshift_r                             0x0800090d   Thumb Code     0  llsshr.o(.text)
    strtol                                   0x08000931   Thumb Code   112  strtol.o(.text)
    __I$use$fp                               0x080009a1   Thumb Code     0  iusefp.o(.text)
    _float_round                             0x080009a1   Thumb Code    18  fepilogue.o(.text)
    _float_epilogue                          0x080009b3   Thumb Code    92  fepilogue.o(.text)
    _double_round                            0x08000a0f   Thumb Code    30  depilogue.o(.text)
    _double_epilogue                         0x08000a2d   Thumb Code   156  depilogue.o(.text)
    __ARM_scalbn                             0x08000ac9   Thumb Code    46  dscalb.o(.text)
    scalbn                                   0x08000ac9   Thumb Code     0  dscalb.o(.text)
    __aeabi_d2ulz                            0x08000af7   Thumb Code    48  dfixul.o(.text)
    __scatterload                            0x08000b29   Thumb Code    28  init.o(.text)
    __scatterload_rt2                        0x08000b29   Thumb Code     0  init.o(.text)
    __rt_ctype_table                         0x08000b4d   Thumb Code     4  ctype_o.o(.text)
    _strtoul                                 0x08000b55   Thumb Code   158  _strtoul.o(.text)
    _dsqrt                                   0x08000bf3   Thumb Code   162  dsqrt.o(.text)
    _chval                                   0x08000c95   Thumb Code    28  _chval.o(.text)
    ADC_Cmd                                  0x08000cb1   Thumb Code    22  stm32f10x_adc.o(i.ADC_Cmd)
    ADC_DeInit                               0x08000cc9   Thumb Code    78  stm32f10x_adc.o(i.ADC_DeInit)
    ADC_GetCalibrationStatus                 0x08000d25   Thumb Code    20  stm32f10x_adc.o(i.ADC_GetCalibrationStatus)
    ADC_GetConversionValue                   0x08000d39   Thumb Code     8  stm32f10x_adc.o(i.ADC_GetConversionValue)
    ADC_GetFlagStatus                        0x08000d41   Thumb Code    18  stm32f10x_adc.o(i.ADC_GetFlagStatus)
    ADC_GetResetCalibrationStatus            0x08000d53   Thumb Code    20  stm32f10x_adc.o(i.ADC_GetResetCalibrationStatus)
    ADC_ITConfig                             0x08000d67   Thumb Code    24  stm32f10x_adc.o(i.ADC_ITConfig)
    ADC_Init                                 0x08000d81   Thumb Code    70  stm32f10x_adc.o(i.ADC_Init)
    ADC_Pin_Init                             0x08000dd1   Thumb Code   156  adc.o(i.ADC_Pin_Init)
    ADC_RegularChannelConfig                 0x08000e75   Thumb Code   184  stm32f10x_adc.o(i.ADC_RegularChannelConfig)
    ADC_ResetCalibration                     0x08000f2d   Thumb Code    10  stm32f10x_adc.o(i.ADC_ResetCalibration)
    ADC_SoftwareStartConvCmd                 0x08000f37   Thumb Code    22  stm32f10x_adc.o(i.ADC_SoftwareStartConvCmd)
    ADC_StartCalibration                     0x08000f4d   Thumb Code    10  stm32f10x_adc.o(i.ADC_StartCalibration)
    Adc_ppm                                  0x08000f59   Thumb Code   178  adc.o(i.Adc_ppm)
    BEEP_Init                                0x0800103d   Thumb Code    50  beep.o(i.BEEP_Init)
    BEEP_onoff                               0x08001075   Thumb Code    20  beep.o(i.BEEP_onoff)
    BKP_DeInit                               0x0800108d   Thumb Code    16  stm32f10x_bkp.o(i.BKP_DeInit)
    BKP_ReadBackupRegister                   0x0800109d   Thumb Code    24  stm32f10x_bkp.o(i.BKP_ReadBackupRegister)
    BKP_WriteBackupRegister                  0x080010b9   Thumb Code    22  stm32f10x_bkp.o(i.BKP_WriteBackupRegister)
    BusFault_Handler                         0x080010d5   Thumb Code     4  stm32f10x_it.o(i.BusFault_Handler)
    DebugMon_Handler                         0x080010d9   Thumb Code     2  stm32f10x_it.o(i.DebugMon_Handler)
    DrawTestPage                             0x080010dd   Thumb Code   118  test.o(i.DrawTestPage)
    ESP8266_Clear                            0x08001175   Thumb Code    18  esp8266.o(i.ESP8266_Clear)
    ESP8266_GetIPD                           0x08001191   Thumb Code    66  esp8266.o(i.ESP8266_GetIPD)
    ESP8266_Init                             0x080011e1   Thumb Code   276  esp8266.o(i.ESP8266_Init)
    ESP8266_SendCmd                          0x08001405   Thumb Code    76  esp8266.o(i.ESP8266_SendCmd)
    ESP8266_SendData                         0x08001459   Thumb Code    46  esp8266.o(i.ESP8266_SendData)
    ESP8266_WaitRecive                       0x080014a1   Thumb Code    42  esp8266.o(i.ESP8266_WaitRecive)
    GPIO_Init                                0x080014d5   Thumb Code   278  stm32f10x_gpio.o(i.GPIO_Init)
    GPIO_PinRemapConfig                      0x080015ed   Thumb Code   138  stm32f10x_gpio.o(i.GPIO_PinRemapConfig)
    GPIO_ReadInputDataBit                    0x0800167d   Thumb Code    18  stm32f10x_gpio.o(i.GPIO_ReadInputDataBit)
    GPIO_ResetBits                           0x0800168f   Thumb Code     4  stm32f10x_gpio.o(i.GPIO_ResetBits)
    GPIO_SetBits                             0x08001693   Thumb Code     4  stm32f10x_gpio.o(i.GPIO_SetBits)
    GPIO_WriteBit                            0x08001697   Thumb Code    10  stm32f10x_gpio.o(i.GPIO_WriteBit)
    GUI_DrawFont16                           0x080016a1   Thumb Code   252  gui.o(i.GUI_DrawFont16)
    GUI_DrawFont24                           0x080017a9   Thumb Code   268  gui.o(i.GUI_DrawFont24)
    GUI_DrawFont32                           0x080018c1   Thumb Code   252  gui.o(i.GUI_DrawFont32)
    Get_Adc                                  0x080019c9   Thumb Code    46  adc.o(i.Get_Adc)
    Get_Adc_Average                          0x080019fd   Thumb Code    46  adc.o(i.Get_Adc_Average)
    Gui_Drawbmp16                            0x08001a2d   Thumb Code    90  gui.o(i.Gui_Drawbmp16)
    Gui_StrCenter                            0x08001a8d   Thumb Code    60  gui.o(i.Gui_StrCenter)
    HardFault_Handler                        0x08001acd   Thumb Code     4  stm32f10x_it.o(i.HardFault_Handler)
    Is_Leap_Year                             0x08001ad1   Thumb Code    58  rtc.o(i.Is_Leap_Year)
    KEY_Init                                 0x08001b0d   Thumb Code    68  key.o(i.KEY_Init)
    KEY_Scan                                 0x08001b5d   Thumb Code   258  key.o(i.KEY_Scan)
    LCD_Clear                                0x08001c6d   Thumb Code    88  lcd.o(i.LCD_Clear)
    LCD_DrawPoint                            0x08001ccd   Thumb Code    24  lcd.o(i.LCD_DrawPoint)
    LCD_Fill                                 0x08001ce9   Thumb Code   110  gui.o(i.LCD_Fill)
    LCD_GPIOInit                             0x08001d5d   Thumb Code    40  lcd.o(i.LCD_GPIOInit)
    LCD_Init                                 0x08001d89   Thumb Code   588  lcd.o(i.LCD_Init)
    LCD_RESET                                0x08001fd9   Thumb Code    34  lcd.o(i.LCD_RESET)
    LCD_SetCursor                            0x08002001   Thumb Code    20  lcd.o(i.LCD_SetCursor)
    LCD_SetWindows                           0x08002015   Thumb Code    84  lcd.o(i.LCD_SetWindows)
    LCD_ShowChar                             0x0800206d   Thumb Code   276  gui.o(i.LCD_ShowChar)
    LCD_ShowNum                              0x08002191   Thumb Code   168  gui.o(i.LCD_ShowNum)
    LCD_ShowString                           0x08002241   Thumb Code    94  gui.o(i.LCD_ShowString)
    LCD_WR_DATA                              0x080022ad   Thumb Code    38  lcd.o(i.LCD_WR_DATA)
    LCD_WR_REG                               0x080022dd   Thumb Code    36  lcd.o(i.LCD_WR_REG)
    LCD_WriteRAM_Prepare                     0x08002309   Thumb Code    12  lcd.o(i.LCD_WriteRAM_Prepare)
    LCD_WriteReg                             0x08002319   Thumb Code    20  lcd.o(i.LCD_WriteReg)
    LCD_direction                            0x0800232d   Thumb Code   128  lcd.o(i.LCD_direction)
    LED_Init                                 0x080023b1   Thumb Code    88  led.o(i.LED_Init)
    Lcd_WriteData_16Bit                      0x08002411   Thumb Code    46  lcd.o(i.Lcd_WriteData_16Bit)
    MQTT_DeleteBuffer                        0x08002449   Thumb Code    28  mqttkit.o(i.MQTT_DeleteBuffer)
    MQTT_DumpLength                          0x08002465   Thumb Code    46  mqttkit.o(i.MQTT_DumpLength)
    MQTT_NewBuffer                           0x08002493   Thumb Code    88  mqttkit.o(i.MQTT_NewBuffer)
    MQTT_PacketConnect                       0x080024ed   Thumb Code   666  mqttkit.o(i.MQTT_PacketConnect)
    MQTT_PacketPublish                       0x0800278d   Thumb Code   440  mqttkit.o(i.MQTT_PacketPublish)
    MQTT_PacketPublishComp                   0x08002945   Thumb Code    72  mqttkit.o(i.MQTT_PacketPublishComp)
    MQTT_PacketPublishRel                    0x0800298d   Thumb Code    72  mqttkit.o(i.MQTT_PacketPublishRel)
    MQTT_PacketSubscribe                     0x080029d5   Thumb Code   254  mqttkit.o(i.MQTT_PacketSubscribe)
    MQTT_ReadLength                          0x08002ad3   Thumb Code    70  mqttkit.o(i.MQTT_ReadLength)
    MQTT_UnPacketCmd                         0x08002b19   Thumb Code   140  mqttkit.o(i.MQTT_UnPacketCmd)
    MQTT_UnPacketConnectAck                  0x08002ba5   Thumb Code    30  mqttkit.o(i.MQTT_UnPacketConnectAck)
    MQTT_UnPacketPublish                     0x08002bc5   Thumb Code   438  mqttkit.o(i.MQTT_UnPacketPublish)
    MQTT_UnPacketPublishAck                  0x08002d85   Thumb Code    30  mqttkit.o(i.MQTT_UnPacketPublishAck)
    MQTT_UnPacketPublishComp                 0x08002da3   Thumb Code    30  mqttkit.o(i.MQTT_UnPacketPublishComp)
    MQTT_UnPacketPublishRec                  0x08002dc1   Thumb Code    30  mqttkit.o(i.MQTT_UnPacketPublishRec)
    MQTT_UnPacketPublishRel                  0x08002ddf   Thumb Code    36  mqttkit.o(i.MQTT_UnPacketPublishRel)
    MQTT_UnPacketRecv                        0x08002e05   Thumb Code   106  mqttkit.o(i.MQTT_UnPacketRecv)
    MQTT_UnPacketSubscribe                   0x08002e79   Thumb Code    52  mqttkit.o(i.MQTT_UnPacketSubscribe)
    MQTT_UnPacketUnSubscribe                 0x08002ead   Thumb Code    18  mqttkit.o(i.MQTT_UnPacketUnSubscribe)
    MemManage_Handler                        0x08002ebf   Thumb Code     4  stm32f10x_it.o(i.MemManage_Handler)
    NMI_Handler                              0x08002ec3   Thumb Code     2  stm32f10x_it.o(i.NMI_Handler)
    NVIC_Init                                0x08002ec5   Thumb Code   100  misc.o(i.NVIC_Init)
    NVIC_PriorityGroupConfig                 0x08002f35   Thumb Code    10  misc.o(i.NVIC_PriorityGroupConfig)
    OneNet_DevLink                           0x08002f49   Thumb Code   212  onenet.o(i.OneNet_DevLink)
    OneNet_Publish                           0x0800316d   Thumb Code    86  onenet.o(i.OneNet_Publish)
    OneNet_RevPro                            0x080031e9   Thumb Code   822  onenet.o(i.OneNet_RevPro)
    OneNet_Subscribe                         0x08003741   Thumb Code    80  onenet.o(i.OneNet_Subscribe)
    PWR_BackupAccessCmd                      0x080037ad   Thumb Code     6  stm32f10x_pwr.o(i.PWR_BackupAccessCmd)
    PendSV_Handler                           0x080037b9   Thumb Code     2  stm32f10x_it.o(i.PendSV_Handler)
    RCC_ADCCLKConfig                         0x080037bd   Thumb Code    18  stm32f10x_rcc.o(i.RCC_ADCCLKConfig)
    RCC_APB1PeriphClockCmd                   0x080037d5   Thumb Code    26  stm32f10x_rcc.o(i.RCC_APB1PeriphClockCmd)
    RCC_APB2PeriphClockCmd                   0x080037f5   Thumb Code    26  stm32f10x_rcc.o(i.RCC_APB2PeriphClockCmd)
    RCC_APB2PeriphResetCmd                   0x08003815   Thumb Code    26  stm32f10x_rcc.o(i.RCC_APB2PeriphResetCmd)
    RCC_BackupResetCmd                       0x08003835   Thumb Code     6  stm32f10x_rcc.o(i.RCC_BackupResetCmd)
    RCC_GetClocksFreq                        0x08003841   Thumb Code   192  stm32f10x_rcc.o(i.RCC_GetClocksFreq)
    RCC_GetFlagStatus                        0x08003915   Thumb Code    56  stm32f10x_rcc.o(i.RCC_GetFlagStatus)
    RCC_LSEConfig                            0x08003951   Thumb Code    46  stm32f10x_rcc.o(i.RCC_LSEConfig)
    RCC_RTCCLKCmd                            0x08003985   Thumb Code     6  stm32f10x_rcc.o(i.RCC_RTCCLKCmd)
    RCC_RTCCLKConfig                         0x08003991   Thumb Code    12  stm32f10x_rcc.o(i.RCC_RTCCLKConfig)
    RTC_ClearITPendingBit                    0x080039a1   Thumb Code    12  stm32f10x_rtc.o(i.RTC_ClearITPendingBit)
    RTC_EnterConfigMode                      0x080039b1   Thumb Code    14  stm32f10x_rtc.o(i.RTC_EnterConfigMode)
    RTC_ExitConfigMode                       0x080039c5   Thumb Code    16  stm32f10x_rtc.o(i.RTC_ExitConfigMode)
    RTC_Get                                  0x080039d9   Thumb Code   240  rtc.o(i.RTC_Get)
    RTC_GetCounter                           0x08003ad9   Thumb Code    16  stm32f10x_rtc.o(i.RTC_GetCounter)
    RTC_GetITStatus                          0x08003aed   Thumb Code    32  stm32f10x_rtc.o(i.RTC_GetITStatus)
    RTC_Get_Week                             0x08003b11   Thumb Code   116  rtc.o(i.RTC_Get_Week)
    RTC_IRQHandler                           0x08003b89   Thumb Code    40  rtc.o(i.RTC_IRQHandler)
    RTC_ITConfig                             0x08003bb1   Thumb Code    26  stm32f10x_rtc.o(i.RTC_ITConfig)
    RTC_Init                                 0x08003bd1   Thumb Code   190  rtc.o(i.RTC_Init)
    RTC_Set                                  0x08003cb1   Thumb Code   184  rtc.o(i.RTC_Set)
    RTC_SetCounter                           0x08003d79   Thumb Code    24  stm32f10x_rtc.o(i.RTC_SetCounter)
    RTC_SetPrescaler                         0x08003d95   Thumb Code    26  stm32f10x_rtc.o(i.RTC_SetPrescaler)
    RTC_WaitForLastTask                      0x08003db5   Thumb Code    16  stm32f10x_rtc.o(i.RTC_WaitForLastTask)
    RTC_WaitForSynchro                       0x08003dc9   Thumb Code    30  stm32f10x_rtc.o(i.RTC_WaitForSynchro)
    SPI2_Init                                0x08003ded   Thumb Code   148  spi.o(i.SPI2_Init)
    SPI_Cmd                                  0x08003e89   Thumb Code    24  stm32f10x_spi.o(i.SPI_Cmd)
    SPI_Init                                 0x08003ea1   Thumb Code    60  stm32f10x_spi.o(i.SPI_Init)
    SPI_WriteByte                            0x08003edd   Thumb Code    34  spi.o(i.SPI_WriteByte)
    SVC_Handler                              0x08003eff   Thumb Code     2  stm32f10x_it.o(i.SVC_Handler)
    Show_Str                                 0x08003fe9   Thumb Code   264  gui.o(i.Show_Str)
    SysTick_CLKSourceConfig                  0x080040f5   Thumb Code    40  misc.o(i.SysTick_CLKSourceConfig)
    SysTick_Handler                          0x0800411d   Thumb Code     2  stm32f10x_it.o(i.SysTick_Handler)
    SystemInit                               0x08004121   Thumb Code    78  system_stm32f10x.o(i.SystemInit)
    TIM2_IRQHandler                          0x08004181   Thumb Code    52  timer.o(i.TIM2_IRQHandler)
    TIM2_Int_Init                            0x080041bd   Thumb Code    92  timer.o(i.TIM2_Int_Init)
    TIM3_IRQHandler                          0x08004219   Thumb Code    22  timer.o(i.TIM3_IRQHandler)
    TIM3_PWM_Init                            0x08004235   Thumb Code   186  timer.o(i.TIM3_PWM_Init)
    TIM_ClearITPendingBit                    0x08004301   Thumb Code     6  stm32f10x_tim.o(i.TIM_ClearITPendingBit)
    TIM_Cmd                                  0x08004307   Thumb Code    24  stm32f10x_tim.o(i.TIM_Cmd)
    TIM_GetITStatus                          0x0800431f   Thumb Code    34  stm32f10x_tim.o(i.TIM_GetITStatus)
    TIM_ITConfig                             0x08004341   Thumb Code    18  stm32f10x_tim.o(i.TIM_ITConfig)
    TIM_OC1Init                              0x08004355   Thumb Code   132  stm32f10x_tim.o(i.TIM_OC1Init)
    TIM_OC1PreloadConfig                     0x080043ed   Thumb Code    18  stm32f10x_tim.o(i.TIM_OC1PreloadConfig)
    TIM_OC2Init                              0x08004401   Thumb Code   154  stm32f10x_tim.o(i.TIM_OC2Init)
    TIM_OC2PreloadConfig                     0x080044a5   Thumb Code    26  stm32f10x_tim.o(i.TIM_OC2PreloadConfig)
    TIM_OC3Init                              0x080044c1   Thumb Code   150  stm32f10x_tim.o(i.TIM_OC3Init)
    TIM_OC3PreloadConfig                     0x08004561   Thumb Code    18  stm32f10x_tim.o(i.TIM_OC3PreloadConfig)
    TIM_OC4Init                              0x08004575   Thumb Code   114  stm32f10x_tim.o(i.TIM_OC4Init)
    TIM_OC4PreloadConfig                     0x080045f1   Thumb Code    26  stm32f10x_tim.o(i.TIM_OC4PreloadConfig)
    TIM_SetCompare1                          0x0800460b   Thumb Code     4  stm32f10x_tim.o(i.TIM_SetCompare1)
    TIM_SetCompare2                          0x0800460f   Thumb Code     4  stm32f10x_tim.o(i.TIM_SetCompare2)
    TIM_SetCompare3                          0x08004613   Thumb Code     4  stm32f10x_tim.o(i.TIM_SetCompare3)
    TIM_SetCompare4                          0x08004617   Thumb Code     6  stm32f10x_tim.o(i.TIM_SetCompare4)
    TIM_TimeBaseInit                         0x0800461d   Thumb Code   122  stm32f10x_tim.o(i.TIM_TimeBaseInit)
    TRC5000_Init                             0x080046c1   Thumb Code    34  bsp_tcrt5000.o(i.TRC5000_Init)
    UART4_IRQHandler                         0x080046e9   Thumb Code   124  usart.o(i.UART4_IRQHandler)
    USART1_IRQHandler                        0x08004771   Thumb Code    24  usart.o(i.USART1_IRQHandler)
    USART2_IRQHandler                        0x0800478d   Thumb Code    62  esp8266.o(i.USART2_IRQHandler)
    USART3_IRQHandler                        0x080047d9   Thumb Code    52  usart.o(i.USART3_IRQHandler)
    USART_ClearFlag                          0x08004819   Thumb Code    18  stm32f10x_usart.o(i.USART_ClearFlag)
    USART_Cmd                                0x0800482b   Thumb Code    24  stm32f10x_usart.o(i.USART_Cmd)
    USART_GetFlagStatus                      0x08004843   Thumb Code    26  stm32f10x_usart.o(i.USART_GetFlagStatus)
    USART_GetITStatus                        0x0800485d   Thumb Code    84  stm32f10x_usart.o(i.USART_GetITStatus)
    USART_ITConfig                           0x080048b1   Thumb Code    74  stm32f10x_usart.o(i.USART_ITConfig)
    USART_Init                               0x080048fd   Thumb Code   210  stm32f10x_usart.o(i.USART_Init)
    USART_ReceiveData                        0x080049d5   Thumb Code    10  stm32f10x_usart.o(i.USART_ReceiveData)
    USART_SendData                           0x080049df   Thumb Code     8  stm32f10x_usart.o(i.USART_SendData)
    Uart4_Init                               0x080049e9   Thumb Code   158  usart.o(i.Uart4_Init)
    UsageFault_Handler                       0x08004a91   Thumb Code     4  stm32f10x_it.o(i.UsageFault_Handler)
    Usart1_Init                              0x08004a95   Thumb Code   166  usart.o(i.Usart1_Init)
    Usart2_Init                              0x08004b45   Thumb Code   162  usart.o(i.Usart2_Init)
    UsartPrintf                              0x08004bf1   Thumb Code    72  usart.o(i.UsartPrintf)
    Usart_SendString                         0x08004c39   Thumb Code    50  usart.o(i.Usart_SendString)
    __0sprintf                               0x08004c6d   Thumb Code    34  printfa.o(i.__0sprintf)
    __1sprintf                               0x08004c6d   Thumb Code     0  printfa.o(i.__0sprintf)
    __2sprintf                               0x08004c6d   Thumb Code     0  printfa.o(i.__0sprintf)
    __c89sprintf                             0x08004c6d   Thumb Code     0  printfa.o(i.__0sprintf)
    sprintf                                  0x08004c6d   Thumb Code     0  printfa.o(i.__0sprintf)
    __0vsnprintf                             0x08004c95   Thumb Code    32  printfa.o(i.__0vsnprintf)
    __1vsnprintf                             0x08004c95   Thumb Code     0  printfa.o(i.__0vsnprintf)
    __2vsnprintf                             0x08004c95   Thumb Code     0  printfa.o(i.__0vsnprintf)
    __c89vsnprintf                           0x08004c95   Thumb Code     0  printfa.o(i.__0vsnprintf)
    vsnprintf                                0x08004c95   Thumb Code     0  printfa.o(i.__0vsnprintf)
    __ARM_fpclassify                         0x08004cb9   Thumb Code    40  fpclassify.o(i.__ARM_fpclassify)
    __aeabi_errno_addr                       0x08004ce1   Thumb Code     4  errno.o(i.__aeabi_errno_addr)
    __rt_errno_addr                          0x08004ce1   Thumb Code     0  errno.o(i.__aeabi_errno_addr)
    __kernel_poly                            0x08004ce9   Thumb Code   170  poly.o(i.__kernel_poly)
    __mathlib_dbl_divzero                    0x08004d95   Thumb Code    12  dunder.o(i.__mathlib_dbl_divzero)
    __mathlib_dbl_infnan2                    0x08004da5   Thumb Code     4  dunder.o(i.__mathlib_dbl_infnan2)
    __mathlib_dbl_invalid                    0x08004da9   Thumb Code    12  dunder.o(i.__mathlib_dbl_invalid)
    __mathlib_dbl_overflow                   0x08004db5   Thumb Code    14  dunder.o(i.__mathlib_dbl_overflow)
    __mathlib_dbl_underflow                  0x08004dc5   Thumb Code    10  dunder.o(i.__mathlib_dbl_underflow)
    __scatterload_copy                       0x08004dd5   Thumb Code    14  handlers.o(i.__scatterload_copy)
    __scatterload_null                       0x08004de3   Thumb Code     2  handlers.o(i.__scatterload_null)
    __scatterload_zeroinit                   0x08004de5   Thumb Code    14  handlers.o(i.__scatterload_zeroinit)
    __set_errno                              0x08004df5   Thumb Code     6  errno.o(i.__set_errno)
    alltime                                  0x080056b5   Thumb Code    48  rtc.o(i.alltime)
    cJSON_Delete                             0x080056f5   Thumb Code    82  cjson.o(i.cJSON_Delete)
    cJSON_GetErrorPtr                        0x0800574d   Thumb Code     6  cjson.o(i.cJSON_GetErrorPtr)
    cJSON_GetObjectItem                      0x08005759   Thumb Code    30  cjson.o(i.cJSON_GetObjectItem)
    cJSON_Parse                              0x08005799   Thumb Code    16  cjson.o(i.cJSON_Parse)
    cJSON_ParseWithOpts                      0x080057a9   Thumb Code    96  cjson.o(i.cJSON_ParseWithOpts)
    close                                    0x08005859   Thumb Code   140  driver.o(i.close)
    closeall                                 0x080058f9   Thumb Code    64  rtc.o(i.closeall)
    closedj                                  0x08005955   Thumb Code    68  driver.o(i.closedj)
    delay_init                               0x0800599d   Thumb Code    50  delay.o(i.delay_init)
    delay_ms                                 0x080059e1   Thumb Code    72  delay.o(i.delay_ms)
    driver_Init                              0x08005a2d   Thumb Code    44  driver.o(i.driver_Init)
    free                                     0x08005a5d   Thumb Code    76  malloc.o(i.free)
    getResultTemp                            0x08005aad   Thumb Code   932  usart.o(i.getResultTemp)
    hello                                    0x08005ef5   Thumb Code    10  rtc.o(i.hello)
    main                                     0x08005f15   Thumb Code   736  main.o(i.main)
    malloc                                   0x08006275   Thumb Code    92  malloc.o(i.malloc)
    mypow                                    0x080062e1   Thumb Code    22  gui.o(i.mypow)
    open                                     0x080062f9   Thumb Code   674  driver.o(i.open)
    openall                                  0x080065e1   Thumb Code    64  rtc.o(i.openall)
    opendj                                   0x0800663d   Thumb Code    68  driver.o(i.opendj)
    pow                                      0x08006d9d   Thumb Code  2478  pow.o(i.pow)
    relay_init                               0x08007755   Thumb Code    38  jdq.o(i.relay_init)
    relay_off                                0x08007781   Thumb Code    12  jdq.o(i.relay_off)
    relay_on                                 0x08007791   Thumb Code    12  jdq.o(i.relay_on)
    relay_onoff                              0x080077a1   Thumb Code    24  jdq.o(i.relay_onoff)
    sensors                                  0x080077bd   Thumb Code    16  driver.o(i.sensors)
    showPPM                                  0x080077d1   Thumb Code   178  main.o(i.showPPM)
    show_nowtime                             0x080078bd   Thumb Code   228  rtc.o(i.show_nowtime)
    slecttime                                0x080079c1   Thumb Code   158  rtc.o(i.slecttime)
    sqrt                                     0x08007a85   Thumb Code    76  sqrt.o(i.sqrt)
    trc5000D01                               0x08007ad1   Thumb Code    22  bsp_tcrt5000.o(i.trc5000D01)
    trc5000D02                               0x08007aed   Thumb Code    22  bsp_tcrt5000.o(i.trc5000D02)
    trc5000D03                               0x08007b09   Thumb Code    22  bsp_tcrt5000.o(i.trc5000D03)
    trc5000D04                               0x08007b25   Thumb Code    24  bsp_tcrt5000.o(i.trc5000D04)
    usart3_init                              0x08007b41   Thumb Code   176  usart.o(i.usart3_init)
    devPubTopic                              0x08007bfc   Data          14  main.o(.constdata)
    asc2_1206                                0x08007c0a   Data        1140  gui.o(.constdata)
    asc2_1608                                0x0800807e   Data        1520  gui.o(.constdata)
    tfont16                                  0x0800866e   Data        1734  gui.o(.constdata)
    tfont24                                  0x08008d34   Data         518  gui.o(.constdata)
    tfont32                                  0x08008f3a   Data         520  gui.o(.constdata)
    gImage_qq                                0x08009144   Data        3200  test.o(.constdata)
    gImage_garbage1                          0x08009dc4   Data        5472  test.o(.constdata)
    gImage_ganlaji                           0x0800b324   Data        2048  test.o(.constdata)
    gImage_shilaji                           0x0800bb24   Data        2048  test.o(.constdata)
    gImage_youhailaji                        0x0800c324   Data        2048  test.o(.constdata)
    gImage_kehuishouwu                       0x0800cb24   Data        2112  test.o(.constdata)
    table_week                               0x0800d374   Data          12  rtc.o(.constdata)
    mon_table                                0x0800d380   Data          12  rtc.o(.constdata)
    __mathlib_zero                           0x0800d420   Data           8  qnan.o(.constdata)
    __ctype_table                            0x0800d428   Data         129  ctype_o.o(.constdata)
    Region$$Table$$Base                      0x0800d53c   Number         0  anon$$obj.o(Region$$Table)
    Region$$Table$$Limit                     0x0800d55c   Number         0  anon$$obj.o(Region$$Table)
    ad                                       0x20000000   Data           2  main.o(.data)
    i                                        0x20000002   Data           1  main.o(.data)
    temp                                     0x20000004   Data           4  main.o(.data)
    IRQURA3                                  0x20000008   Data           1  main.o(.data)
    devSubTopic                              0x2000000c   Data           4  main.o(.data)
    SystemCoreClock                          0x20000010   Data           4  system_stm32f10x.o(.data)
    AHBPrescTable                            0x20000014   Data          16  system_stm32f10x.o(.data)
    key                                      0x20000028   Data           1  usart.o(.data)
    key1                                     0x20000029   Data           1  usart.o(.data)
    uart3flag                                0x2000002a   Data           1  usart.o(.data)
    SG90Flag                                 0x2000002b   Data           1  usart.o(.data)
    USART4_RX_STA                            0x2000002c   Data           2  usart.o(.data)
    USART4_RX_Flag                           0x2000002e   Data           2  usart.o(.data)
    USART4_RX_Tmr                            0x20000030   Data           1  usart.o(.data)
    USART4_RX_data                           0x20000031   Data           1  usart.o(.data)
    value                                    0x2000004c   Data           2  adc.o(.data)
    RS                                       0x20000050   Data           4  adc.o(.data)
    R0                                       0x20000054   Data           4  adc.o(.data)
    vol                                      0x20000058   Data           4  adc.o(.data)
    ppm                                      0x2000005c   Data           4  adc.o(.data)
    POINT_COLOR                              0x20000060   Data           2  lcd.o(.data)
    BACK_COLOR                               0x20000062   Data           2  lcd.o(.data)
    DeviceCode                               0x20000064   Data           2  lcd.o(.data)
    esp8266_cnt                              0x20000078   Data           2  esp8266.o(.data)
    esp8266_cntPre                           0x2000007a   Data           2  esp8266.o(.data)
    relay_flag                               0x2000007c   Data           4  onenet.o(.data)
    lms                                      0x20000080   Data           1  onenet.o(.data)
    alarm                                    0x20000081   Data           1  onenet.o(.data)
    relay_mode                               0x20000082   Data           1  onenet.o(.data)
    __microlib_freelist                      0x20000088   Data           4  mvars.o(.data)
    __microlib_freelist_initialised          0x2000008c   Data           4  mvars.o(.data)
    USART3_RX_BUF                            0x20000094   Data         100  main.o(.bss)
    PUB_BUF                                  0x200000f8   Data         256  main.o(.bss)
    USART4_RX_BUF                            0x200001f8   Data         400  usart.o(.bss)
    lcddev                                   0x20000388   Data          14  lcd.o(.bss)
    calendar                                 0x20000396   Data          10  rtc.o(.bss)
    esp8266_buf                              0x200003a0   Data         128  esp8266.o(.bss)
    __heap_base                              0x20000420   Data           0  startup_stm32f10x_hd.o(HEAP)
    __heap_limit                             0x20000620   Data           0  startup_stm32f10x_hd.o(HEAP)
    __initial_sp                             0x20000a20   Data           0  startup_stm32f10x_hd.o(STACK)



==============================================================================

Memory Map of the image

  Image Entry point : 0x08000145

  Load Region LR_1 (Base: 0x08000000, Size: 0x0000d5f0, Max: 0xffffffff, ABSOLUTE)

    Execution Region ER_RO (Base: 0x08000000, Size: 0x0000d55c, Max: 0xffffffff, ABSOLUTE)

    Base Addr    Size         Type   Attr      Idx    E Section Name        Object

    0x08000000   0x00000130   Data   RO          714    RESET               startup_stm32f10x_hd.o
    0x08000130   0x00000000   Code   RO         4802  * .ARM.Collect$$$$00000000  mc_w.l(entry.o)
    0x08000130   0x00000004   Code   RO         5173    .ARM.Collect$$$$00000001  mc_w.l(entry2.o)
    0x08000134   0x00000004   Code   RO         5176    .ARM.Collect$$$$00000004  mc_w.l(entry5.o)
    0x08000138   0x00000000   Code   RO         5178    .ARM.Collect$$$$00000008  mc_w.l(entry7b.o)
    0x08000138   0x00000000   Code   RO         5180    .ARM.Collect$$$$0000000A  mc_w.l(entry8b.o)
    0x08000138   0x00000008   Code   RO         5181    .ARM.Collect$$$$0000000B  mc_w.l(entry9a.o)
    0x08000140   0x00000000   Code   RO         5183    .ARM.Collect$$$$0000000D  mc_w.l(entry10a.o)
    0x08000140   0x00000000   Code   RO         5185    .ARM.Collect$$$$0000000F  mc_w.l(entry11a.o)
    0x08000140   0x00000004   Code   RO         5174    .ARM.Collect$$$$00002712  mc_w.l(entry2.o)
    0x08000144   0x00000024   Code   RO          715  * .text               startup_stm32f10x_hd.o
    0x08000168   0x0000000c   Code   RO         4805    .text               mc_w.l(tolower.o)
    0x08000174   0x00000024   Code   RO         4807    .text               mc_w.l(memcpya.o)
    0x08000198   0x00000024   Code   RO         4809    .text               mc_w.l(memseta.o)
    0x080001bc   0x00000024   Code   RO         4811    .text               mc_w.l(strstr.o)
    0x080001e0   0x00000014   Code   RO         4813    .text               mc_w.l(strchr.o)
    0x080001f4   0x0000000e   Code   RO         4815    .text               mc_w.l(strlen.o)
    0x08000202   0x00000028   Code   RO         4817    .text               mc_w.l(strncat.o)
    0x0800022a   0x0000001e   Code   RO         4821    .text               mc_w.l(strncmp.o)
    0x08000248   0x0000001a   Code   RO         5114    .text               mc_w.l(atoi.o)
    0x08000262   0x000000b0   Code   RO         5116    .text               mf_w.l(fadd.o)
    0x08000312   0x00000064   Code   RO         5118    .text               mf_w.l(fmul.o)
    0x08000376   0x0000007c   Code   RO         5120    .text               mf_w.l(fdiv.o)
    0x080003f2   0x0000014e   Code   RO         5122    .text               mf_w.l(dadd.o)
    0x08000540   0x000000e4   Code   RO         5124    .text               mf_w.l(dmul.o)
    0x08000624   0x000000de   Code   RO         5126    .text               mf_w.l(ddiv.o)
    0x08000702   0x0000000a   Code   RO         5128    .text               mf_w.l(ffltui.o)
    0x0800070c   0x00000022   Code   RO         5130    .text               mf_w.l(dflti.o)
    0x0800072e   0x00000032   Code   RO         5132    .text               mf_w.l(ffixi.o)
    0x08000760   0x0000003e   Code   RO         5134    .text               mf_w.l(dfixi.o)
    0x0800079e   0x00000026   Code   RO         5136    .text               mf_w.l(f2d.o)
    0x080007c4   0x00000030   Code   RO         5140    .text               mf_w.l(cdrcmple.o)
    0x080007f4   0x00000038   Code   RO         5142    .text               mf_w.l(d2f.o)
    0x0800082c   0x00000014   Code   RO         5144    .text               mf_w.l(cfrcmple.o)
    0x08000840   0x0000002c   Code   RO         5190    .text               mc_w.l(uidiv.o)
    0x0800086c   0x00000062   Code   RO         5192    .text               mc_w.l(uldiv.o)
    0x080008ce   0x0000001e   Code   RO         5194    .text               mc_w.l(llshl.o)
    0x080008ec   0x00000020   Code   RO         5196    .text               mc_w.l(llushr.o)
    0x0800090c   0x00000024   Code   RO         5198    .text               mc_w.l(llsshr.o)
    0x08000930   0x00000070   Code   RO         5209    .text               mc_w.l(strtol.o)
    0x080009a0   0x00000000   Code   RO         5211    .text               mc_w.l(iusefp.o)
    0x080009a0   0x0000006e   Code   RO         5212    .text               mf_w.l(fepilogue.o)
    0x08000a0e   0x000000ba   Code   RO         5214    .text               mf_w.l(depilogue.o)
    0x08000ac8   0x0000002e   Code   RO         5216    .text               mf_w.l(dscalb.o)
    0x08000af6   0x00000030   Code   RO         5218    .text               mf_w.l(dfixul.o)
    0x08000b26   0x00000002   PAD
    0x08000b28   0x00000024   Code   RO         5220    .text               mc_w.l(init.o)
    0x08000b4c   0x00000008   Code   RO         5223    .text               mc_w.l(ctype_o.o)
    0x08000b54   0x0000009e   Code   RO         5251    .text               mc_w.l(_strtoul.o)
    0x08000bf2   0x000000a2   Code   RO         5254    .text               mf_w.l(dsqrt.o)
    0x08000c94   0x0000001c   Code   RO         5256    .text               mc_w.l(_chval.o)
    0x08000cb0   0x00000016   Code   RO          761    i.ADC_Cmd           stm32f10x_adc.o
    0x08000cc6   0x00000002   PAD
    0x08000cc8   0x0000005c   Code   RO          763    i.ADC_DeInit        stm32f10x_adc.o
    0x08000d24   0x00000014   Code   RO          769    i.ADC_GetCalibrationStatus  stm32f10x_adc.o
    0x08000d38   0x00000008   Code   RO          770    i.ADC_GetConversionValue  stm32f10x_adc.o
    0x08000d40   0x00000012   Code   RO          772    i.ADC_GetFlagStatus  stm32f10x_adc.o
    0x08000d52   0x00000014   Code   RO          775    i.ADC_GetResetCalibrationStatus  stm32f10x_adc.o
    0x08000d66   0x00000018   Code   RO          778    i.ADC_ITConfig      stm32f10x_adc.o
    0x08000d7e   0x00000002   PAD
    0x08000d80   0x00000050   Code   RO          779    i.ADC_Init          stm32f10x_adc.o
    0x08000dd0   0x000000a4   Code   RO         3698    i.ADC_Pin_Init      adc.o
    0x08000e74   0x000000b8   Code   RO          783    i.ADC_RegularChannelConfig  stm32f10x_adc.o
    0x08000f2c   0x0000000a   Code   RO          784    i.ADC_ResetCalibration  stm32f10x_adc.o
    0x08000f36   0x00000016   Code   RO          786    i.ADC_SoftwareStartConvCmd  stm32f10x_adc.o
    0x08000f4c   0x0000000a   Code   RO          788    i.ADC_StartCalibration  stm32f10x_adc.o
    0x08000f56   0x00000002   PAD
    0x08000f58   0x000000e4   Code   RO         3699    i.Adc_ppm           adc.o
    0x0800103c   0x00000038   Code   RO         3939    i.BEEP_Init         beep.o
    0x08001074   0x00000018   Code   RO         3940    i.BEEP_onoff        beep.o
    0x0800108c   0x00000010   Code   RO          979    i.BKP_DeInit        stm32f10x_bkp.o
    0x0800109c   0x0000001c   Code   RO          984    i.BKP_ReadBackupRegister  stm32f10x_bkp.o
    0x080010b8   0x0000001c   Code   RO          988    i.BKP_WriteBackupRegister  stm32f10x_bkp.o
    0x080010d4   0x00000004   Code   RO          181    i.BusFault_Handler  stm32f10x_it.o
    0x080010d8   0x00000002   Code   RO          182    i.DebugMon_Handler  stm32f10x_it.o
    0x080010da   0x00000002   PAD
    0x080010dc   0x00000098   Code   RO          446    i.DrawTestPage      test.o
    0x08001174   0x0000001c   Code   RO         4506    i.ESP8266_Clear     esp8266.o
    0x08001190   0x00000050   Code   RO         4507    i.ESP8266_GetIPD    esp8266.o
    0x080011e0   0x00000224   Code   RO         4508    i.ESP8266_Init      esp8266.o
    0x08001404   0x00000054   Code   RO         4509    i.ESP8266_SendCmd   esp8266.o
    0x08001458   0x00000048   Code   RO         4510    i.ESP8266_SendData  esp8266.o
    0x080014a0   0x00000034   Code   RO         4511    i.ESP8266_WaitRecive  esp8266.o
    0x080014d4   0x00000116   Code   RO         1870    i.GPIO_Init         stm32f10x_gpio.o
    0x080015ea   0x00000002   PAD
    0x080015ec   0x00000090   Code   RO         1872    i.GPIO_PinRemapConfig  stm32f10x_gpio.o
    0x0800167c   0x00000012   Code   RO         1874    i.GPIO_ReadInputDataBit  stm32f10x_gpio.o
    0x0800168e   0x00000004   Code   RO         1877    i.GPIO_ResetBits    stm32f10x_gpio.o
    0x08001692   0x00000004   Code   RO         1878    i.GPIO_SetBits      stm32f10x_gpio.o
    0x08001696   0x0000000a   Code   RO         1881    i.GPIO_WriteBit     stm32f10x_gpio.o
    0x080016a0   0x00000108   Code   RO          280    i.GUI_DrawFont16    gui.o
    0x080017a8   0x00000118   Code   RO          281    i.GUI_DrawFont24    gui.o
    0x080018c0   0x00000108   Code   RO          282    i.GUI_DrawFont32    gui.o
    0x080019c8   0x00000034   Code   RO         3700    i.Get_Adc           adc.o
    0x080019fc   0x0000002e   Code   RO         3701    i.Get_Adc_Average   adc.o
    0x08001a2a   0x00000002   PAD
    0x08001a2c   0x00000060   Code   RO          284    i.Gui_Drawbmp16     gui.o
    0x08001a8c   0x00000040   Code   RO          285    i.Gui_StrCenter     gui.o
    0x08001acc   0x00000004   Code   RO          183    i.HardFault_Handler  stm32f10x_it.o
    0x08001ad0   0x0000003a   Code   RO         3961    i.Is_Leap_Year      rtc.o
    0x08001b0a   0x00000002   PAD
    0x08001b0c   0x00000050   Code   RO         4055    i.KEY_Init          key.o
    0x08001b5c   0x00000110   Code   RO         4056    i.KEY_Scan          key.o
    0x08001c6c   0x00000060   Code   RO         3731    i.LCD_Clear         lcd.o
    0x08001ccc   0x0000001c   Code   RO         3732    i.LCD_DrawPoint     lcd.o
    0x08001ce8   0x00000074   Code   RO          289    i.LCD_Fill          gui.o
    0x08001d5c   0x0000002c   Code   RO         3733    i.LCD_GPIOInit      lcd.o
    0x08001d88   0x00000250   Code   RO         3734    i.LCD_Init          lcd.o
    0x08001fd8   0x00000028   Code   RO         3735    i.LCD_RESET         lcd.o
    0x08002000   0x00000014   Code   RO         3736    i.LCD_SetCursor     lcd.o
    0x08002014   0x00000058   Code   RO         3737    i.LCD_SetWindows    lcd.o
    0x0800206c   0x00000124   Code   RO          290    i.LCD_ShowChar      gui.o
    0x08002190   0x000000b0   Code   RO          291    i.LCD_ShowNum       gui.o
    0x08002240   0x0000006c   Code   RO          292    i.LCD_ShowString    gui.o
    0x080022ac   0x00000030   Code   RO         3738    i.LCD_WR_DATA       lcd.o
    0x080022dc   0x0000002c   Code   RO         3739    i.LCD_WR_REG        lcd.o
    0x08002308   0x00000010   Code   RO         3740    i.LCD_WriteRAM_Prepare  lcd.o
    0x08002318   0x00000014   Code   RO         3741    i.LCD_WriteReg      lcd.o
    0x0800232c   0x00000084   Code   RO         3742    i.LCD_direction     lcd.o
    0x080023b0   0x00000060   Code   RO         3686    i.LED_Init          led.o
    0x08002410   0x00000038   Code   RO         3743    i.Lcd_WriteData_16Bit  lcd.o
    0x08002448   0x0000001c   Code   RO         4558    i.MQTT_DeleteBuffer  mqttkit.o
    0x08002464   0x0000002e   Code   RO         4559    i.MQTT_DumpLength   mqttkit.o
    0x08002492   0x00000058   Code   RO         4560    i.MQTT_NewBuffer    mqttkit.o
    0x080024ea   0x00000002   PAD
    0x080024ec   0x000002a0   Code   RO         4562    i.MQTT_PacketConnect  mqttkit.o
    0x0800278c   0x000001b8   Code   RO         4565    i.MQTT_PacketPublish  mqttkit.o
    0x08002944   0x00000048   Code   RO         4567    i.MQTT_PacketPublishComp  mqttkit.o
    0x0800298c   0x00000048   Code   RO         4569    i.MQTT_PacketPublishRel  mqttkit.o
    0x080029d4   0x000000fe   Code   RO         4572    i.MQTT_PacketSubscribe  mqttkit.o
    0x08002ad2   0x00000046   Code   RO         4574    i.MQTT_ReadLength   mqttkit.o
    0x08002b18   0x0000008c   Code   RO         4575    i.MQTT_UnPacketCmd  mqttkit.o
    0x08002ba4   0x0000001e   Code   RO         4576    i.MQTT_UnPacketConnectAck  mqttkit.o
    0x08002bc2   0x00000002   PAD
    0x08002bc4   0x000001c0   Code   RO         4577    i.MQTT_UnPacketPublish  mqttkit.o
    0x08002d84   0x0000001e   Code   RO         4578    i.MQTT_UnPacketPublishAck  mqttkit.o
    0x08002da2   0x0000001e   Code   RO         4579    i.MQTT_UnPacketPublishComp  mqttkit.o
    0x08002dc0   0x0000001e   Code   RO         4580    i.MQTT_UnPacketPublishRec  mqttkit.o
    0x08002dde   0x00000024   Code   RO         4581    i.MQTT_UnPacketPublishRel  mqttkit.o
    0x08002e02   0x00000002   PAD
    0x08002e04   0x00000074   Code   RO         4582    i.MQTT_UnPacketRecv  mqttkit.o
    0x08002e78   0x00000034   Code   RO         4583    i.MQTT_UnPacketSubscribe  mqttkit.o
    0x08002eac   0x00000012   Code   RO         4584    i.MQTT_UnPacketUnSubscribe  mqttkit.o
    0x08002ebe   0x00000004   Code   RO          184    i.MemManage_Handler  stm32f10x_it.o
    0x08002ec2   0x00000002   Code   RO          185    i.NMI_Handler       stm32f10x_it.o
    0x08002ec4   0x00000070   Code   RO          719    i.NVIC_Init         misc.o
    0x08002f34   0x00000014   Code   RO          720    i.NVIC_PriorityGroupConfig  misc.o
    0x08002f48   0x00000224   Code   RO         4742    i.OneNet_DevLink    onenet.o
    0x0800316c   0x0000007c   Code   RO         4743    i.OneNet_Publish    onenet.o
    0x080031e8   0x00000558   Code   RO         4744    i.OneNet_RevPro     onenet.o
    0x08003740   0x0000006c   Code   RO         4745    i.OneNet_Subscribe  onenet.o
    0x080037ac   0x0000000c   Code   RO         2224    i.PWR_BackupAccessCmd  stm32f10x_pwr.o
    0x080037b8   0x00000002   Code   RO          186    i.PendSV_Handler    stm32f10x_it.o
    0x080037ba   0x00000002   PAD
    0x080037bc   0x00000018   Code   RO         2284    i.RCC_ADCCLKConfig  stm32f10x_rcc.o
    0x080037d4   0x00000020   Code   RO         2286    i.RCC_APB1PeriphClockCmd  stm32f10x_rcc.o
    0x080037f4   0x00000020   Code   RO         2288    i.RCC_APB2PeriphClockCmd  stm32f10x_rcc.o
    0x08003814   0x00000020   Code   RO         2289    i.RCC_APB2PeriphResetCmd  stm32f10x_rcc.o
    0x08003834   0x0000000c   Code   RO         2291    i.RCC_BackupResetCmd  stm32f10x_rcc.o
    0x08003840   0x000000d4   Code   RO         2296    i.RCC_GetClocksFreq  stm32f10x_rcc.o
    0x08003914   0x0000003c   Code   RO         2297    i.RCC_GetFlagStatus  stm32f10x_rcc.o
    0x08003950   0x00000034   Code   RO         2304    i.RCC_LSEConfig     stm32f10x_rcc.o
    0x08003984   0x0000000c   Code   RO         2311    i.RCC_RTCCLKCmd     stm32f10x_rcc.o
    0x08003990   0x00000010   Code   RO         2312    i.RCC_RTCCLKConfig  stm32f10x_rcc.o
    0x080039a0   0x00000010   Code   RO         2485    i.RTC_ClearITPendingBit  stm32f10x_rtc.o
    0x080039b0   0x00000014   Code   RO         2486    i.RTC_EnterConfigMode  stm32f10x_rtc.o
    0x080039c4   0x00000014   Code   RO         2487    i.RTC_ExitConfigMode  stm32f10x_rtc.o
    0x080039d8   0x00000100   Code   RO         3962    i.RTC_Get           rtc.o
    0x08003ad8   0x00000014   Code   RO         2488    i.RTC_GetCounter    stm32f10x_rtc.o
    0x08003aec   0x00000024   Code   RO         2491    i.RTC_GetITStatus   stm32f10x_rtc.o
    0x08003b10   0x00000078   Code   RO         3963    i.RTC_Get_Week      rtc.o
    0x08003b88   0x00000028   Code   RO         3964    i.RTC_IRQHandler    rtc.o
    0x08003bb0   0x00000020   Code   RO         2492    i.RTC_ITConfig      stm32f10x_rtc.o
    0x08003bd0   0x000000be   Code   RO         3965    i.RTC_Init          rtc.o
    0x08003c8e   0x00000022   Code   RO         3966    i.RTC_NVIC_Config   rtc.o
    0x08003cb0   0x000000c8   Code   RO         3967    i.RTC_Set           rtc.o
    0x08003d78   0x0000001c   Code   RO         2494    i.RTC_SetCounter    stm32f10x_rtc.o
    0x08003d94   0x00000020   Code   RO         2495    i.RTC_SetPrescaler  stm32f10x_rtc.o
    0x08003db4   0x00000014   Code   RO         2496    i.RTC_WaitForLastTask  stm32f10x_rtc.o
    0x08003dc8   0x00000024   Code   RO         2497    i.RTC_WaitForSynchro  stm32f10x_rtc.o
    0x08003dec   0x0000009c   Code   RO         3825    i.SPI2_Init         spi.o
    0x08003e88   0x00000018   Code   RO         2765    i.SPI_Cmd           stm32f10x_spi.o
    0x08003ea0   0x0000003c   Code   RO         2778    i.SPI_Init          stm32f10x_spi.o
    0x08003edc   0x00000022   Code   RO         3827    i.SPI_WriteByte     spi.o
    0x08003efe   0x00000002   Code   RO          187    i.SVC_Handler       stm32f10x_it.o
    0x08003f00   0x00000008   Code   RO          244    i.SetSysClock       system_stm32f10x.o
    0x08003f08   0x000000e0   Code   RO          245    i.SetSysClockTo72   system_stm32f10x.o
    0x08003fe8   0x0000010c   Code   RO          293    i.Show_Str          gui.o
    0x080040f4   0x00000028   Code   RO          723    i.SysTick_CLKSourceConfig  misc.o
    0x0800411c   0x00000002   Code   RO          188    i.SysTick_Handler   stm32f10x_it.o
    0x0800411e   0x00000002   PAD
    0x08004120   0x00000060   Code   RO          247    i.SystemInit        system_stm32f10x.o
    0x08004180   0x0000003c   Code   RO         3895    i.TIM2_IRQHandler   timer.o
    0x080041bc   0x0000005c   Code   RO         3896    i.TIM2_Int_Init     timer.o
    0x08004218   0x0000001c   Code   RO         3897    i.TIM3_IRQHandler   timer.o
    0x08004234   0x000000cc   Code   RO         3899    i.TIM3_PWM_Init     timer.o
    0x08004300   0x00000006   Code   RO         2915    i.TIM_ClearITPendingBit  stm32f10x_tim.o
    0x08004306   0x00000018   Code   RO         2920    i.TIM_Cmd           stm32f10x_tim.o
    0x0800431e   0x00000022   Code   RO         2941    i.TIM_GetITStatus   stm32f10x_tim.o
    0x08004340   0x00000012   Code   RO         2945    i.TIM_ITConfig      stm32f10x_tim.o
    0x08004352   0x00000002   PAD
    0x08004354   0x00000098   Code   RO         2949    i.TIM_OC1Init       stm32f10x_tim.o
    0x080043ec   0x00000012   Code   RO         2952    i.TIM_OC1PreloadConfig  stm32f10x_tim.o
    0x080043fe   0x00000002   PAD
    0x08004400   0x000000a4   Code   RO         2954    i.TIM_OC2Init       stm32f10x_tim.o
    0x080044a4   0x0000001a   Code   RO         2957    i.TIM_OC2PreloadConfig  stm32f10x_tim.o
    0x080044be   0x00000002   PAD
    0x080044c0   0x000000a0   Code   RO         2959    i.TIM_OC3Init       stm32f10x_tim.o
    0x08004560   0x00000012   Code   RO         2962    i.TIM_OC3PreloadConfig  stm32f10x_tim.o
    0x08004572   0x00000002   PAD
    0x08004574   0x0000007c   Code   RO         2964    i.TIM_OC4Init       stm32f10x_tim.o
    0x080045f0   0x0000001a   Code   RO         2966    i.TIM_OC4PreloadConfig  stm32f10x_tim.o
    0x0800460a   0x00000004   Code   RO         2981    i.TIM_SetCompare1   stm32f10x_tim.o
    0x0800460e   0x00000004   Code   RO         2982    i.TIM_SetCompare2   stm32f10x_tim.o
    0x08004612   0x00000004   Code   RO         2983    i.TIM_SetCompare3   stm32f10x_tim.o
    0x08004616   0x00000006   Code   RO         2984    i.TIM_SetCompare4   stm32f10x_tim.o
    0x0800461c   0x000000a4   Code   RO         2991    i.TIM_TimeBaseInit  stm32f10x_tim.o
    0x080046c0   0x00000028   Code   RO         3852    i.TRC5000_Init      bsp_tcrt5000.o
    0x080046e8   0x00000088   Code   RO          580    i.UART4_IRQHandler  usart.o
    0x08004770   0x0000001c   Code   RO          581    i.USART1_IRQHandler  usart.o
    0x0800478c   0x0000004c   Code   RO         4512    i.USART2_IRQHandler  esp8266.o
    0x080047d8   0x00000040   Code   RO          583    i.USART3_IRQHandler  usart.o
    0x08004818   0x00000012   Code   RO         3452    i.USART_ClearFlag   stm32f10x_usart.o
    0x0800482a   0x00000018   Code   RO         3456    i.USART_Cmd         stm32f10x_usart.o
    0x08004842   0x0000001a   Code   RO         3459    i.USART_GetFlagStatus  stm32f10x_usart.o
    0x0800485c   0x00000054   Code   RO         3460    i.USART_GetITStatus  stm32f10x_usart.o
    0x080048b0   0x0000004a   Code   RO         3462    i.USART_ITConfig    stm32f10x_usart.o
    0x080048fa   0x00000002   PAD
    0x080048fc   0x000000d8   Code   RO         3463    i.USART_Init        stm32f10x_usart.o
    0x080049d4   0x0000000a   Code   RO         3470    i.USART_ReceiveData  stm32f10x_usart.o
    0x080049de   0x00000008   Code   RO         3473    i.USART_SendData    stm32f10x_usart.o
    0x080049e6   0x00000002   PAD
    0x080049e8   0x000000a8   Code   RO          584    i.Uart4_Init        usart.o
    0x08004a90   0x00000004   Code   RO          189    i.UsageFault_Handler  stm32f10x_it.o
    0x08004a94   0x000000b0   Code   RO          585    i.Usart1_Init       usart.o
    0x08004b44   0x000000ac   Code   RO          586    i.Usart2_Init       usart.o
    0x08004bf0   0x00000048   Code   RO          587    i.UsartPrintf       usart.o
    0x08004c38   0x00000032   Code   RO          588    i.Usart_SendString  usart.o
    0x08004c6a   0x00000002   PAD
    0x08004c6c   0x00000028   Code   RO         5060    i.__0sprintf        mc_w.l(printfa.o)
    0x08004c94   0x00000024   Code   RO         5063    i.__0vsnprintf      mc_w.l(printfa.o)
    0x08004cb8   0x00000028   Code   RO         5160    i.__ARM_fpclassify  m_ws.l(fpclassify.o)
    0x08004ce0   0x00000008   Code   RO         5202    i.__aeabi_errno_addr  mc_w.l(errno.o)
    0x08004ce8   0x000000aa   Code   RO         5162    i.__kernel_poly     m_ws.l(poly.o)
    0x08004d92   0x00000002   PAD
    0x08004d94   0x00000010   Code   RO         5146    i.__mathlib_dbl_divzero  m_ws.l(dunder.o)
    0x08004da4   0x00000004   Code   RO         5148    i.__mathlib_dbl_infnan2  m_ws.l(dunder.o)
    0x08004da8   0x0000000c   Code   RO         5149    i.__mathlib_dbl_invalid  m_ws.l(dunder.o)
    0x08004db4   0x0000000e   Code   RO         5150    i.__mathlib_dbl_overflow  m_ws.l(dunder.o)
    0x08004dc2   0x00000002   PAD
    0x08004dc4   0x00000010   Code   RO         5152    i.__mathlib_dbl_underflow  m_ws.l(dunder.o)
    0x08004dd4   0x0000000e   Code   RO         5260    i.__scatterload_copy  mc_w.l(handlers.o)
    0x08004de2   0x00000002   Code   RO         5261    i.__scatterload_null  mc_w.l(handlers.o)
    0x08004de4   0x0000000e   Code   RO         5262    i.__scatterload_zeroinit  mc_w.l(handlers.o)
    0x08004df2   0x00000002   PAD
    0x08004df4   0x0000000c   Code   RO         5204    i.__set_errno       mc_w.l(errno.o)
    0x08004e00   0x00000164   Code   RO         5065    i._fp_digits        mc_w.l(printfa.o)
    0x08004f64   0x000006dc   Code   RO         5066    i._printf_core      mc_w.l(printfa.o)
    0x08005640   0x00000024   Code   RO         5067    i._printf_post_padding  mc_w.l(printfa.o)
    0x08005664   0x0000002e   Code   RO         5068    i._printf_pre_padding  mc_w.l(printfa.o)
    0x08005692   0x00000016   Code   RO         5069    i._snputc           mc_w.l(printfa.o)
    0x080056a8   0x0000000a   Code   RO         5070    i._sputc            mc_w.l(printfa.o)
    0x080056b2   0x00000002   PAD
    0x080056b4   0x00000040   Code   RO         3968    i.alltime           rtc.o
    0x080056f4   0x00000058   Code   RO         4164    i.cJSON_Delete      cjson.o
    0x0800574c   0x0000000c   Code   RO         4172    i.cJSON_GetErrorPtr  cjson.o
    0x08005758   0x0000001e   Code   RO         4173    i.cJSON_GetObjectItem  cjson.o
    0x08005776   0x00000002   PAD
    0x08005778   0x00000020   Code   RO         4177    i.cJSON_New_Item    cjson.o
    0x08005798   0x00000010   Code   RO         4178    i.cJSON_Parse       cjson.o
    0x080057a8   0x00000064   Code   RO         4179    i.cJSON_ParseWithOpts  cjson.o
    0x0800580c   0x0000004c   Code   RO         4185    i.cJSON_strcasecmp  cjson.o
    0x08005858   0x000000a0   Code   RO         4074    i.close             driver.o
    0x080058f8   0x0000005c   Code   RO         3969    i.closeall          rtc.o
    0x08005954   0x00000048   Code   RO         4075    i.closedj           driver.o
    0x0800599c   0x00000044   Code   RO          525    i.delay_init        delay.o
    0x080059e0   0x0000004c   Code   RO          526    i.delay_ms          delay.o
    0x08005a2c   0x00000030   Code   RO         4076    i.driver_Init       driver.o
    0x08005a5c   0x00000050   Code   RO         5086    i.free              mc_w.l(malloc.o)
    0x08005aac   0x00000448   Code   RO          589    i.getResultTemp     usart.o
    0x08005ef4   0x00000020   Code   RO         3970    i.hello             rtc.o
    0x08005f14   0x00000360   Code   RO            1    i.main              main.o
    0x08006274   0x0000006c   Code   RO         5087    i.malloc            mc_w.l(malloc.o)
    0x080062e0   0x00000016   Code   RO          297    i.mypow             gui.o
    0x080062f6   0x00000002   PAD
    0x080062f8   0x000002e8   Code   RO         4077    i.open              driver.o
    0x080065e0   0x0000005c   Code   RO         3971    i.openall           rtc.o
    0x0800663c   0x00000048   Code   RO         4078    i.opendj            driver.o
    0x08006684   0x000000ac   Code   RO         4189    i.parse_array       cjson.o
    0x08006730   0x00000114   Code   RO         4190    i.parse_hex4        cjson.o
    0x08006844   0x000001bc   Code   RO         4191    i.parse_number      cjson.o
    0x08006a00   0x00000114   Code   RO         4192    i.parse_object      cjson.o
    0x08006b14   0x000001cc   Code   RO         4193    i.parse_string      cjson.o
    0x08006ce0   0x000000bc   Code   RO         4194    i.parse_value       cjson.o
    0x08006d9c   0x000009b8   Code   RO         4793    i.pow               m_ws.l(pow.o)
    0x08007754   0x0000002c   Code   RO         4117    i.relay_init        jdq.o
    0x08007780   0x00000010   Code   RO         4118    i.relay_off         jdq.o
    0x08007790   0x00000010   Code   RO         4119    i.relay_on          jdq.o
    0x080077a0   0x0000001c   Code   RO         4120    i.relay_onoff       jdq.o
    0x080077bc   0x00000014   Code   RO         4079    i.sensors           driver.o
    0x080077d0   0x000000ec   Code   RO            2    i.showPPM           main.o
    0x080078bc   0x000000f0   Code   RO         3972    i.show_nowtime      rtc.o
    0x080079ac   0x00000012   Code   RO         4202    i.skip              cjson.o
    0x080079be   0x00000002   PAD
    0x080079c0   0x000000c4   Code   RO         3973    i.slecttime         rtc.o
    0x08007a84   0x0000004c   Code   RO         5166    i.sqrt              m_ws.l(sqrt.o)
    0x08007ad0   0x0000001c   Code   RO         3853    i.trc5000D01        bsp_tcrt5000.o
    0x08007aec   0x0000001c   Code   RO         3854    i.trc5000D02        bsp_tcrt5000.o
    0x08007b08   0x0000001c   Code   RO         3855    i.trc5000D03        bsp_tcrt5000.o
    0x08007b24   0x0000001c   Code   RO         3856    i.trc5000D04        bsp_tcrt5000.o
    0x08007b40   0x000000bc   Code   RO          593    i.usart3_init       usart.o
    0x08007bfc   0x0000000e   Data   RO            4    .constdata          main.o
    0x08007c0a   0x00001538   Data   RO          298    .constdata          gui.o
    0x08009142   0x00000002   PAD
    0x08009144   0x00004230   Data   RO          456    .constdata          test.o
    0x0800d374   0x00000018   Data   RO         3975    .constdata          rtc.o
    0x0800d38c   0x00000007   Data   RO         4205    .constdata          cjson.o
    0x0800d393   0x00000005   PAD
    0x0800d398   0x00000088   Data   RO         4794    .constdata          m_ws.l(pow.o)
    0x0800d420   0x00000008   Data   RO         5164    .constdata          m_ws.l(qnan.o)
    0x0800d428   0x00000081   Data   RO         5224    .constdata          mc_w.l(ctype_o.o)
    0x0800d4a9   0x00000003   PAD
    0x0800d4ac   0x00000004   Data   RO         5225    .constdata          mc_w.l(ctype_o.o)
    0x0800d4b0   0x00000054   Data   RO            5    .conststring        main.o
    0x0800d504   0x00000037   Data   RO          457    .conststring        test.o
    0x0800d53b   0x00000001   PAD
    0x0800d53c   0x00000020   Data   RO         5258    Region$$Table       anon$$obj.o


    Execution Region ER_RW (Base: 0x20000000, Size: 0x00000094, Max: 0xffffffff, ABSOLUTE)

    Base Addr    Size         Type   Attr      Idx    E Section Name        Object

    0x20000000   0x00000010   Data   RW            6    .data               main.o
    0x20000010   0x00000014   Data   RW          248    .data               system_stm32f10x.o
    0x20000024   0x00000004   Data   RW          528    .data               delay.o
    0x20000028   0x0000000f   Data   RW          596    .data               usart.o
    0x20000037   0x00000014   Data   RW         2316    .data               stm32f10x_rcc.o
    0x2000004b   0x00000001   PAD
    0x2000004c   0x00000014   Data   RW         3702    .data               adc.o
    0x20000060   0x00000006   Data   RW         3745    .data               lcd.o
    0x20000066   0x00000002   Data   RW         3976    .data               rtc.o
    0x20000068   0x00000001   Data   RW         4057    .data               key.o
    0x20000069   0x00000003   PAD
    0x2000006c   0x0000000c   Data   RW         4206    .data               cjson.o
    0x20000078   0x00000004   Data   RW         4514    .data               esp8266.o
    0x2000007c   0x0000000a   Data   RW         4746    .data               onenet.o
    0x20000086   0x00000002   PAD
    0x20000088   0x00000004   Data   RW         5200    .data               mc_w.l(mvars.o)
    0x2000008c   0x00000004   Data   RW         5201    .data               mc_w.l(mvars.o)
    0x20000090   0x00000004   Data   RW         5205    .data               mc_w.l(errno.o)


    Execution Region ER_ZI (Base: 0x20000094, Size: 0x0000098c, Max: 0xffffffff, ABSOLUTE)

    Base Addr    Size         Type   Attr      Idx    E Section Name        Object

    0x20000094   0x00000164   Zero   RW            3    .bss                main.o
    0x200001f8   0x00000190   Zero   RW          595    .bss                usart.o
    0x20000388   0x0000000e   Zero   RW         3744    .bss                lcd.o
    0x20000396   0x0000000a   Zero   RW         3974    .bss                rtc.o
    0x200003a0   0x00000080   Zero   RW         4513    .bss                esp8266.o
    0x20000420   0x00000200   Zero   RW          713    HEAP                startup_stm32f10x_hd.o
    0x20000620   0x00000400   Zero   RW          712    STACK               startup_stm32f10x_hd.o


==============================================================================

Image component sizes


      Code (inc. data)   RO Data    RW Data    ZI Data      Debug   Object Name

       490         64          0         20          0       2919   adc.o
        80         10          0          0          0       1097   beep.o
       152         28          0          0          0       2975   bsp_tcrt5000.o
      2188         88          7         12          0      13629   cjson.o
       144         22          0          4          0       1392   delay.o
      1116        106          0          0          0       3586   driver.o
       940        354          0          4        128       5731   esp8266.o
      1950         94       5432          0          0     224733   gui.o
       104         18          0          0          0       2134   jdq.o
       352         26          0          1          0       1358   key.o
      1224         66          0          6         14       9737   lcd.o
        96          8          0          0          0        575   led.o
      1100        194         98         16        356     261908   main.o
       172         22          0          0          0       2329   misc.o
      2672         26          0          0          0      18484   mqttkit.o
      2148        968          0         10          0       8137   onenet.o
      1614        180         24          2         10       9632   rtc.o
       190          8          0          0          0       1644   spi.o
        36          8        304          0       1536        836   startup_stm32f10x_hd.o
       510         24          0          0          0      10029   stm32f10x_adc.o
        72         10          0          0          0       2948   stm32f10x_bkp.o
       458          6          0          0          0       5518   stm32f10x_gpio.o
        26          0          0          0          0       4314   stm32f10x_it.o
        12          6          0          0          0        578   stm32f10x_pwr.o
       484         70          0         20          0       9062   stm32f10x_rcc.o
       260         48          0          0          0       5800   stm32f10x_rtc.o
        84          0          0          0          0       2333   stm32f10x_spi.o
       952         92          0          0          0      12082   stm32f10x_tim.o
       460          6          0          0          0       7279   stm32f10x_usart.o
         0          0          0          0          0         32   sys.o
       328         28          0         20          0       2425   system_stm32f10x.o
       152         34      16999          0          0       1935   test.o
       384         32          0          0          0       2620   timer.o
      2150        234          0         15        400       9558   usart.o

    ----------------------------------------------------------------------
     23144       2880      22904        136       2444     649349   Object Totals
         0          0         32          0          0          0   (incl. Generated)
        44          0          8          6          0          0   (incl. Padding)

    ----------------------------------------------------------------------

      Code (inc. data)   RO Data    RW Data    ZI Data      Debug   Library Member Name

        62         10          0          0          0        340   dunder.o
        40          0          0          0          0         68   fpclassify.o
       170          0          0          0          0         96   poly.o
      2488        190        136          0          0        300   pow.o
         0          0          8          0          0          0   qnan.o
        76          0          0          0          0         84   sqrt.o
        28          0          0          0          0         68   _chval.o
       158          0          0          0          0         92   _strtoul.o
        26          0          0          0          0         80   atoi.o
         8          4        133          0          0         68   ctype_o.o
         0          0          0          0          0          0   entry.o
         0          0          0          0          0          0   entry10a.o
         0          0          0          0          0          0   entry11a.o
         8          4          0          0          0          0   entry2.o
         4          0          0          0          0          0   entry5.o
         0          0          0          0          0          0   entry7b.o
         0          0          0          0          0          0   entry8b.o
         8          4          0          0          0          0   entry9a.o
        20         10          0          4          0        136   errno.o
        30          0          0          0          0          0   handlers.o
        36          8          0          0          0         68   init.o
         0          0          0          0          0          0   iusefp.o
        30          0          0          0          0         68   llshl.o
        36          0          0          0          0         68   llsshr.o
        32          0          0          0          0         68   llushr.o
       188         20          0          0          0        160   malloc.o
        36          0          0          0          0         68   memcpya.o
        36          0          0          0          0        108   memseta.o
         0          0          0          8          0          0   mvars.o
      2302         90          0          0          0        660   printfa.o
        20          0          0          0          0         68   strchr.o
        14          0          0          0          0         68   strlen.o
        40          0          0          0          0         76   strncat.o
        30          0          0          0          0         80   strncmp.o
        36          0          0          0          0         80   strstr.o
       112          0          0          0          0         88   strtol.o
        12          0          0          0          0         68   tolower.o
        44          0          0          0          0         80   uidiv.o
        98          0          0          0          0         92   uldiv.o
        48          0          0          0          0         68   cdrcmple.o
        20          0          0          0          0         68   cfrcmple.o
        56          0          0          0          0         88   d2f.o
       334          0          0          0          0        148   dadd.o
       222          0          0          0          0        100   ddiv.o
       186          0          0          0          0        176   depilogue.o
        62          0          0          0          0         80   dfixi.o
        48          0          0          0          0         68   dfixul.o
        34          0          0          0          0         76   dflti.o
       228          0          0          0          0         96   dmul.o
        46          0          0          0          0         80   dscalb.o
       162          0          0          0          0        100   dsqrt.o
        38          0          0          0          0         68   f2d.o
       176          0          0          0          0        140   fadd.o
       124          0          0          0          0         88   fdiv.o
       110          0          0          0          0        168   fepilogue.o
        50          0          0          0          0         68   ffixi.o
        10          0          0          0          0         68   ffltui.o
       100          0          0          0          0         76   fmul.o

    ----------------------------------------------------------------------
      8292        340        280         12          0       5124   Library Totals
        10          0          3          0          0          0   (incl. Padding)

    ----------------------------------------------------------------------

      Code (inc. data)   RO Data    RW Data    ZI Data      Debug   Library Name

      2836        200        144          0          0        888   m_ws.l
      3392        140        133         12          0       2412   mc_w.l
      2054          0          0          0          0       1824   mf_w.l

    ----------------------------------------------------------------------
      8292        340        280         12          0       5124   Library Totals

    ----------------------------------------------------------------------

==============================================================================


      Code (inc. data)   RO Data    RW Data    ZI Data      Debug   

     31436       3220      23184        148       2444     641105   Grand Totals
     31436       3220      23184        148       2444     641105   ELF Image Totals
     31436       3220      23184        148          0          0   ROM Totals

==============================================================================

    Total RO  Size (Code + RO Data)                54620 (  53.34kB)
    Total RW  Size (RW Data + ZI Data)              2592 (   2.53kB)
    Total ROM Size (Code + RO Data + RW Data)      54768 (  53.48kB)

==============================================================================

